2026-09-11 12:04:22 INFO     __main__: Logging this run to run_data_malawi\logs\pipeline_20260911_120422.log
2026-09-11 12:04:22 INFO     __main__: Will generate the report for 4 period(s): ['Jun2026', 'Jul2026', 'Aug2026', 'Sep2026']
2026-09-11 12:04:23 INFO     lmis_pipeline.scraper_base: Found saved session state at run_data_malawi\storage_state.json
2026-09-11 12:04:24 INFO     lmis_pipeline.scraper_base: Applied playwright-stealth evasions to browser context
2026-09-11 12:04:24 INFO     lmis_pipeline.malawi_scraper: Verifying saved session is still valid
2026-09-11 12:04:29 INFO     lmis_pipeline.malawi_scraper: Saved session is valid - skipping login
2026-09-11 12:04:29 INFO     __main__: === Period: Jun2026 ===
2026-09-11 12:04:29 INFO     lmis_pipeline.malawi_scraper: Opening Reports dropdown
2026-09-11 12:04:29 INFO     lmis_pipeline.malawi_scraper: Clicking View Reports
2026-09-11 12:04:29 INFO     lmis_pipeline.malawi_scraper: Selecting LMIS Summary by facility
2026-09-11 12:04:30 INFO     lmis_pipeline.malawi_scraper: Selecting Program Name: Reproductive Health
2026-09-11 12:04:36 WARNING  lmis_pipeline.malawi_scraper: select2 selection for #program (attempt 1/3) failed: None of the selectors matched in any frame within 5.0s: ['input.select2-search__field', '.select2-container--open .select2-search__field'] (last error: None) - retrying
2026-09-11 12:04:41 WARNING  lmis_pipeline.malawi_scraper: select2 selection for #program (attempt 2/3) failed: None of the selectors matched in any frame within 5.0s: ['input.select2-search__field', '.select2-container--open .select2-search__field'] (last error: None) - retrying
2026-09-11 12:04:47 WARNING  lmis_pipeline.malawi_scraper: select2 selection for #program (attempt 3/3) failed: None of the selectors matched in any frame within 5.0s: ['input.select2-search__field', '.select2-container--open .select2-search__field'] (last error: None) - retrying
2026-09-11 12:04:47 INFO     lmis_pipeline.scraper_base: Screenshot saved: 20260911_120447_select2_choose_failed_program.png
2026-09-11 12:04:47 INFO     lmis_pipeline.scraper_base: Saved frame 0 HTML (url=https://lmis.health.gov.mw/#!/reports/list/malawi/93d09638-4dc7-4c94-a9f2-e80b5c62408e/options) to run_data_malawi\screenshots\20260911_120447_select2_choose_failed_program_frame0.html
2026-09-11 12:04:47 INFO     lmis_pipeline.scraper_base: Frames present on page (1 total): ['https://lmis.health.gov.mw/#!/reports/list/malawi/93d09638-4dc7-4c94-a9f2-e80b5c62408e/options']
2026-09-11 12:04:47 ERROR    __main__: Generating the report for period Jun2026 failed: Could not select 'Reproductive Health' for #program after 3 attempts: None of the selectors matched in any frame within 5.0s: ['input.select2-search__field', '.select2-container--open .select2-search__field'] (last error: None) - skipping this period
2026-09-11 12:04:47 INFO     __main__: === Period: Jul2026 ===
2026-09-11 12:04:47 INFO     lmis_pipeline.malawi_scraper: Opening Reports dropdown
2026-09-11 12:04:47 INFO     lmis_pipeline.malawi_scraper: Clicking View Reports
2026-09-11 12:04:47 INFO     lmis_pipeline.malawi_scraper: Selecting LMIS Summary by facility
2026-09-11 12:04:47 INFO     lmis_pipeline.malawi_scraper: Selecting Program Name: Reproductive Health
2026-09-11 12:04:54 WARNING  lmis_pipeline.malawi_scraper: select2 selection for #program (attempt 1/3) failed: None of the selectors matched in any frame within 5.0s: ['input.select2-search__field', '.select2-container--open .select2-search__field'] (last error: None) - retrying
2026-09-11 12:04:59 WARNING  lmis_pipeline.malawi_scraper: select2 selection for #program (attempt 2/3) failed: None of the selectors matched in any frame within 5.0s: ['input.select2-search__field', '.select2-container--open .select2-search__field'] (last error: None) - retrying
2026-09-11 12:05:04 WARNING  lmis_pipeline.malawi_scraper: select2 selection for #program (attempt 3/3) failed: None of the selectors matched in any frame within 5.0s: ['input.select2-search__field', '.select2-container--open .select2-search__field'] (last error: None) - retrying
2026-09-11 12:05:04 INFO     lmis_pipeline.scraper_base: Screenshot saved: 20260911_120504_select2_choose_failed_program.png
2026-09-11 12:05:04 INFO     lmis_pipeline.scraper_base: Saved frame 0 HTML (url=https://lmis.health.gov.mw/#!/reports/list/malawi/93d09638-4dc7-4c94-a9f2-e80b5c62408e/options) to run_data_malawi\screenshots\20260911_120504_select2_choose_failed_program_frame0.html
2026-09-11 12:05:04 INFO     lmis_pipeline.scraper_base: Frames present on page (1 total): ['https://lmis.health.gov.mw/#!/reports/list/malawi/93d09638-4dc7-4c94-a9f2-e80b5c62408e/options']
2026-09-11 12:05:04 ERROR    __main__: Generating the report for period Jul2026 failed: Could not select 'Reproductive Health' for #program after 3 attempts: None of the selectors matched in any frame within 5.0s: ['input.select2-search__field', '.select2-container--open .select2-search__field'] (last error: None) - skipping this period
2026-09-11 12:05:04 INFO     __main__: === Period: Aug2026 ===
2026-09-11 12:05:04 INFO     lmis_pipeline.malawi_scraper: Opening Reports dropdown
2026-09-11 12:05:04 INFO     lmis_pipeline.malawi_scraper: Clicking View Reports
2026-09-11 12:05:04 INFO     lmis_pipeline.malawi_scraper: Selecting LMIS Summary by facility
2026-09-11 12:05:04 INFO     lmis_pipeline.malawi_scraper: Selecting Program Name: Reproductive Health
2026-09-11 12:05:10 WARNING  lmis_pipeline.malawi_scraper: select2 selection for #program (attempt 1/3) failed: None of the selectors matched in any frame within 5.0s: ['input.select2-search__field', '.select2-container--open .select2-search__field'] (last error: None) - retrying
2026-09-11 12:05:16 WARNING  lmis_pipeline.malawi_scraper: select2 selection for #program (attempt 2/3) failed: None of the selectors matched in any frame within 5.0s: ['input.select2-search__field', '.select2-container--open .select2-search__field'] (last error: None) - retrying
2026-09-11 12:05:21 WARNING  lmis_pipeline.malawi_scraper: select2 selection for #program (attempt 3/3) failed: None of the selectors matched in any frame within 5.0s: ['input.select2-search__field', '.select2-container--open .select2-search__field'] (last error: None) - retrying
2026-09-11 12:05:21 INFO     lmis_pipeline.scraper_base: Screenshot saved: 20260911_120521_select2_choose_failed_program.png
2026-09-11 12:05:21 INFO     lmis_pipeline.scraper_base: Saved frame 0 HTML (url=https://lmis.health.gov.mw/#!/reports/list/malawi/93d09638-4dc7-4c94-a9f2-e80b5c62408e/options) to run_data_malawi\screenshots\20260911_120521_select2_choose_failed_program_frame0.html
2026-09-11 12:05:21 INFO     lmis_pipeline.scraper_base: Frames present on page (1 total): ['https://lmis.health.gov.mw/#!/reports/list/malawi/93d09638-4dc7-4c94-a9f2-e80b5c62408e/options']
2026-09-11 12:05:21 ERROR    __main__: Generating the report for period Aug2026 failed: Could not select 'Reproductive Health' for #program after 3 attempts: None of the selectors matched in any frame within 5.0s: ['input.select2-search__field', '.select2-container--open .select2-search__field'] (last error: None) - skipping this period
2026-09-11 12:05:21 INFO     __main__: === Period: Sep2026 ===
2026-09-11 12:05:21 INFO     lmis_pipeline.malawi_scraper: Opening Reports dropdown
2026-09-11 12:05:21 INFO     lmis_pipeline.malawi_scraper: Clicking View Reports
2026-09-11 12:05:21 INFO     lmis_pipeline.malawi_scraper: Selecting LMIS Summary by facility
2026-09-11 12:05:22 INFO     lmis_pipeline.malawi_scraper: Selecting Program Name: Reproductive Health
2026-09-11 12:05:28 WARNING  lmis_pipeline.malawi_scraper: select2 selection for #program (attempt 1/3) failed: None of the selectors matched in any frame within 5.0s: ['input.select2-search__field', '.select2-container--open .select2-search__field'] (last error: None) - retrying
2026-09-11 12:05:33 WARNING  lmis_pipeline.malawi_scraper: select2 selection for #program (attempt 2/3) failed: None of the selectors matched in any frame within 5.0s: ['input.select2-search__field', '.select2-container--open .select2-search__field'] (last error: None) - retrying
2026-09-11 12:05:38 WARNING  lmis_pipeline.malawi_scraper: select2 selection for #program (attempt 3/3) failed: None of the selectors matched in any frame within 5.0s: ['input.select2-search__field', '.select2-container--open .select2-search__field'] (last error: None) - retrying
2026-09-11 12:05:38 INFO     lmis_pipeline.scraper_base: Screenshot saved: 20260911_120538_select2_choose_failed_program.png
2026-09-11 12:05:38 INFO     lmis_pipeline.scraper_base: Saved frame 0 HTML (url=https://lmis.health.gov.mw/#!/reports/list/malawi/93d09638-4dc7-4c94-a9f2-e80b5c62408e/options) to run_data_malawi\screenshots\20260911_120538_select2_choose_failed_program_frame0.html
2026-09-11 12:05:38 INFO     lmis_pipeline.scraper_base: Frames present on page (1 total): ['https://lmis.health.gov.mw/#!/reports/list/malawi/93d09638-4dc7-4c94-a9f2-e80b5c62408e/options']
2026-09-11 12:05:38 ERROR    __main__: Generating the report for period Sep2026 failed: Could not select 'Reproductive Health' for #program after 3 attempts: None of the selectors matched in any frame within 5.0s: ['input.select2-search__field', '.select2-container--open .select2-search__field'] (last error: None) - skipping this period
2026-09-11 12:05:39 ERROR    __main__: Pipeline failed: No period succeeded - master workbook was never written. See the per-period errors above and the diagnostics dumps under run_data_malawi/screenshots/.
