2026-10-01 10:12:47 INFO     __main__: Logging this run to run_data_malawi\logs\pipeline_20261001_101247.log
2026-10-01 10:12:47 INFO     __main__: HISTORICAL MODE: will generate the report for 1 period(s) from 01/06/2026 to 01/06/2026, writing to LMIS_MW_HIV_hist
2026-10-01 10:12:48 INFO     __main__: Loaded 31 product/category mapping(s) from data\LMIS_HIV_category.xlsx
2026-10-01 10:13:02 INFO     lmis_pipeline.scraper_base: Found saved session state at run_data_malawi\storage_state.json
2026-10-01 10:13:02 INFO     lmis_pipeline.scraper_base: Applied playwright-stealth evasions to browser context
2026-10-01 10:13:02 INFO     lmis_pipeline.malawi_scraper: Verifying saved session is still valid
2026-10-01 10:13:08 INFO     lmis_pipeline.malawi_scraper: Saved session is valid - skipping login
2026-10-01 10:13:08 INFO     __main__: === Period: Jun2026 ===
2026-10-01 10:13:08 INFO     lmis_pipeline.malawi_scraper: Opening Reports dropdown
2026-10-01 10:13:08 INFO     lmis_pipeline.malawi_scraper: Clicking View Reports
2026-10-01 10:13:08 INFO     lmis_pipeline.malawi_scraper: Selecting LMIS Summary by facility
2026-10-01 10:13:09 INFO     lmis_pipeline.malawi_scraper: Selecting Program Name: HIV
2026-10-01 10:13:19 WARNING  lmis_pipeline.malawi_scraper: select2 selection for #program (attempt 1/3) failed: None of the selectors matched in any frame within 10.0s: ["#program + span.select2-container span[role='combobox']"] (last error: None) - retrying
2026-10-01 10:13:29 WARNING  lmis_pipeline.malawi_scraper: select2 selection for #program (attempt 2/3) failed: None of the selectors matched in any frame within 10.0s: ["#program + span.select2-container span[role='combobox']"] (last error: None) - retrying
2026-10-01 10:13:40 WARNING  lmis_pipeline.malawi_scraper: select2 selection for #program (attempt 3/3) failed: None of the selectors matched in any frame within 10.0s: ["#program + span.select2-container span[role='combobox']"] (last error: None) - retrying
2026-10-01 10:13:40 INFO     lmis_pipeline.scraper_base: Screenshot saved: 20261001_101340_select2_choose_failed_program.png
2026-10-01 10:13:40 INFO     lmis_pipeline.scraper_base: Saved frame 0 HTML (url=https://lmis.health.gov.mw/#!/reports/list) to run_data_malawi\screenshots\20261001_101340_select2_choose_failed_program_frame0.html
2026-10-01 10:13:40 INFO     lmis_pipeline.scraper_base: Frames present on page (1 total): ['https://lmis.health.gov.mw/#!/reports/list']
2026-10-01 10:13:40 ERROR    __main__: Generating the report for period Jun2026 failed: Could not select 'HIV' for #program after 3 attempts: None of the selectors matched in any frame within 10.0s: ["#program + span.select2-container span[role='combobox']"] (last error: None) - skipping this period
2026-10-01 10:13:41 ERROR    __main__: Pipeline failed: No period succeeded - master files were never written. See the per-period errors above and the diagnostics dumps under run_data_malawi/screenshots/.
