2026-09-28 18:53:15 INFO     __main__: Logging this run to run_data_malawi\logs\pipeline_20260928_185315.log
2026-09-28 18:53:15 INFO     __main__: HISTORICAL MODE: will generate the report for 29 period(s) from 01/01/2024 to 01/05/2026, writing to LMIS_MW_HIV_hist
2026-09-28 18:53:15 INFO     __main__: Loaded 31 product/category mapping(s) from data\LMIS_HIV_category.xlsx
2026-09-28 18:53:30 INFO     lmis_pipeline.scraper_base: Found saved session state at run_data_malawi\storage_state.json
2026-09-28 18:53:31 INFO     lmis_pipeline.scraper_base: Applied playwright-stealth evasions to browser context
2026-09-28 18:53:31 INFO     lmis_pipeline.malawi_scraper: Verifying saved session is still valid
2026-09-28 18:53:40 INFO     lmis_pipeline.malawi_scraper: Saved session is no longer valid - logging in fresh
2026-09-28 18:53:40 INFO     lmis_pipeline.malawi_scraper: Navigating to Malawi LMIS
2026-09-28 18:53:45 INFO     lmis_pipeline.malawi_scraper: Entering username
2026-09-28 18:53:45 INFO     lmis_pipeline.malawi_scraper: Entering password
2026-09-28 18:53:45 INFO     lmis_pipeline.malawi_scraper: Submitting login form
2026-09-28 18:53:47 INFO     lmis_pipeline.malawi_scraper: Dismissing weak-password warning modal
2026-09-28 18:53:57 INFO     lmis_pipeline.malawi_scraper: Login successful
2026-09-28 18:53:57 INFO     lmis_pipeline.malawi_scraper: Saved session state to run_data_malawi\storage_state.json
2026-09-28 18:53:57 INFO     __main__: === Period: Jan2024 ===
2026-09-28 18:53:57 INFO     lmis_pipeline.malawi_scraper: Opening Reports dropdown
2026-09-28 18:53:57 INFO     lmis_pipeline.malawi_scraper: Clicking View Reports
2026-09-28 18:53:57 INFO     lmis_pipeline.malawi_scraper: Selecting LMIS Summary by facility
2026-09-28 18:53:58 INFO     lmis_pipeline.malawi_scraper: Selecting Program Name: HIV
2026-09-28 18:54:00 INFO     lmis_pipeline.malawi_scraper: Selecting Period Name: Jan2024
2026-09-28 18:54:01 INFO     lmis_pipeline.malawi_scraper: Selecting xlsx format
2026-09-28 18:54:01 INFO     lmis_pipeline.malawi_scraper: Clicking Generate and waiting for the file
2026-09-28 18:54:56 INFO     lmis_pipeline.malawi_scraper: Saved downloaded results to run_data_malawi\downloads\20260928T185456_lmis_summary_by_facility_hiv_jan2024.xlsx
2026-09-28 18:55:05 INFO     __main__: Staged raw download (as CSV) to run_data_malawi\landing\LMIS_MW_01-01-2024.csv
2026-09-28 18:55:05 INFO     __main__: Staged raw download for Jan2024 to run_data_malawi\landing\LMIS_MW_01-01-2024.csv
2026-09-28 18:55:13 INFO     __main__: Parsed 13472 rows, 17 columns (incl. Period) from run_data_malawi\downloads\20260928T185456_lmis_summary_by_facility_hiv_jan2024.xlsx
2026-09-28 18:55:13 INFO     lmis_pipeline.product_matching: Filtered to master product list: 13472 row(s) -> 10225 row(s) kept (47 of 62 distinct product name(s) matched)
2026-09-28 18:55:13 INFO     lmis_pipeline.product_matching: Dropped 15 distinct product name(s) with no confident match: ['Alere Finger Stick Sample collection kit, 100 tst', 'Cryptococcal Antigen (CrAg LFA), Kit of 50', 'DBS Bundles, 70 microlitre, Pack of 50 Tests', 'Entecavir 0.5mg tablets, 30 tablets', 'Heparin Sodium inj 5000IU/ml', 'Hepatitis B (HBsAg) rapid test SD Bioline, Kit', 'Hepatitis B HBsAg rapid test SD Bioline, Kit of 30 Tests', 'Hepatitis C rapid test Bioline HCV, Kit', 'Isoniazid/Rifapentin 300/300mg', 'Nevirapine (NVP syrup with syringe), 10mg/ml, bottle of 100mls with syringe', 'Paclitaxel 6mg/ml inj, 5ml (30mg),', 'Pima catridges for CD4 Count, 100s', 'Rifapentin 150mg tablets', 'SD Bioline, Syphilis test kits, Kit of 30 Tests', 'Unigold HIV test kits, Kit of 20 Tests']
2026-09-28 18:55:15 INFO     lmis_pipeline.extract: No existing master files at run_data_malawi\extracts\LMIS_MW_HIV_hist.{xlsx,csv} - creating them fresh
2026-09-28 18:55:19 INFO     lmis_pipeline.extract: Wrote 10225 total row(s) to run_data_malawi\extracts\LMIS_MW_HIV_hist_auto.csv and run_data_malawi\extracts\LMIS_MW_HIV_hist.xlsx
2026-09-28 18:55:19 INFO     __main__: Upserted period Jan2024 into master files at (WindowsPath('run_data_malawi/extracts/LMIS_MW_HIV_hist.xlsx'), WindowsPath('run_data_malawi/extracts/LMIS_MW_HIV_hist_auto.csv'))
2026-09-28 18:55:19 INFO     __main__: === Period: Feb2024 ===
2026-09-28 18:55:19 INFO     lmis_pipeline.malawi_scraper: Opening Reports dropdown
2026-09-28 18:55:19 INFO     lmis_pipeline.malawi_scraper: Clicking View Reports
2026-09-28 18:55:19 INFO     lmis_pipeline.malawi_scraper: Selecting LMIS Summary by facility
2026-09-28 18:55:20 INFO     lmis_pipeline.malawi_scraper: Selecting Program Name: HIV
2026-09-28 18:55:21 INFO     lmis_pipeline.malawi_scraper: Selecting Period Name: Feb2024
2026-09-28 18:55:22 INFO     lmis_pipeline.malawi_scraper: Selecting xlsx format
2026-09-28 18:55:22 INFO     lmis_pipeline.malawi_scraper: Clicking Generate and waiting for the file
2026-09-28 18:55:42 INFO     lmis_pipeline.malawi_scraper: Saved downloaded results to run_data_malawi\downloads\20260928T185542_lmis_summary_by_facility_hiv_feb2024.xlsx
2026-09-28 18:55:51 INFO     __main__: Staged raw download (as CSV) to run_data_malawi\landing\LMIS_MW_01-02-2024.csv
2026-09-28 18:55:51 INFO     __main__: Staged raw download for Feb2024 to run_data_malawi\landing\LMIS_MW_01-02-2024.csv
2026-09-28 18:55:59 INFO     __main__: Parsed 13465 rows, 17 columns (incl. Period) from run_data_malawi\downloads\20260928T185542_lmis_summary_by_facility_hiv_feb2024.xlsx
2026-09-28 18:56:00 INFO     lmis_pipeline.product_matching: Filtered to master product list: 13465 row(s) -> 10213 row(s) kept (53 of 69 distinct product name(s) matched)
2026-09-28 18:56:00 INFO     lmis_pipeline.product_matching: Dropped 16 distinct product name(s) with no confident match: ['Alere Finger Stick Sample collection kit, 100 tst', 'Cryptococcal Antigen (CrAg LFA), Kit of 50', 'DBS Bundles, 70 microlitre, Pack of 50 Tests', 'Determine Syphilis, Rapid Diagnostic Test (RDT)', 'Entecavir 0.5mg tablets, 30 tablets', 'Heparin Sodium inj 5000IU/ml', 'Hepatitis B (HBsAg) rapid test SD Bioline, Kit', 'Hepatitis B HBsAg rapid test SD Bioline, Kit of 30 Tests', 'Hepatitis C rapid test Bioline HCV, Kit', 'Isoniazid/Rifapentin 300/300mg', 'Nevirapine (NVP syrup with syringe), 10mg/ml, bottle of 100mls with syringe', 'Paclitaxel 6mg/ml inj, 5ml (30mg),', 'Pima catridges for CD4 Count, 100s', 'Rifapentin 150mg tablets', 'SD Bioline, Syphilis test kits, Kit of 30 Tests', 'Unigold HIV test kits, Kit of 20 Tests']
2026-09-28 18:56:04 INFO     lmis_pipeline.extract: Upsert: 10225 existing + 10213 new rows -> 20438 after dedup on ['Facility Code', 'Product Code', 'Period'] (0 row(s) updated in place)
2026-09-28 18:56:12 INFO     lmis_pipeline.extract: Wrote 20438 total row(s) to run_data_malawi\extracts\LMIS_MW_HIV_hist_auto.csv and run_data_malawi\extracts\LMIS_MW_HIV_hist.xlsx
2026-09-28 18:56:12 INFO     __main__: Upserted period Feb2024 into master files at (WindowsPath('run_data_malawi/extracts/LMIS_MW_HIV_hist.xlsx'), WindowsPath('run_data_malawi/extracts/LMIS_MW_HIV_hist_auto.csv'))
2026-09-28 18:56:12 INFO     __main__: === Period: Mar2024 ===
2026-09-28 18:56:12 INFO     lmis_pipeline.malawi_scraper: Opening Reports dropdown
2026-09-28 18:56:12 INFO     lmis_pipeline.malawi_scraper: Clicking View Reports
2026-09-28 18:56:12 INFO     lmis_pipeline.malawi_scraper: Selecting LMIS Summary by facility
2026-09-28 18:56:13 INFO     lmis_pipeline.malawi_scraper: Selecting Program Name: HIV
2026-09-28 18:56:14 INFO     lmis_pipeline.malawi_scraper: Selecting Period Name: Mar2024
2026-09-28 18:56:15 INFO     lmis_pipeline.malawi_scraper: Selecting xlsx format
2026-09-28 18:56:15 INFO     lmis_pipeline.malawi_scraper: Clicking Generate and waiting for the file
2026-09-28 18:56:34 INFO     lmis_pipeline.malawi_scraper: Saved downloaded results to run_data_malawi\downloads\20260928T185634_lmis_summary_by_facility_hiv_mar2024.xlsx
2026-09-28 18:56:43 INFO     __main__: Staged raw download (as CSV) to run_data_malawi\landing\LMIS_MW_01-03-2024.csv
2026-09-28 18:56:43 INFO     __main__: Staged raw download for Mar2024 to run_data_malawi\landing\LMIS_MW_01-03-2024.csv
2026-09-28 18:56:51 INFO     __main__: Parsed 13346 rows, 17 columns (incl. Period) from run_data_malawi\downloads\20260928T185634_lmis_summary_by_facility_hiv_mar2024.xlsx
2026-09-28 18:56:51 INFO     lmis_pipeline.product_matching: Filtered to master product list: 13346 row(s) -> 10116 row(s) kept (54 of 70 distinct product name(s) matched)
2026-09-28 18:56:51 INFO     lmis_pipeline.product_matching: Dropped 16 distinct product name(s) with no confident match: ['Alere Finger Stick Sample collection kit, 100 tst', 'Cryptococcal Antigen (CrAg LFA), Kit of 50', 'DBS Bundles, 70 microlitre, Pack of 50 Tests', 'Determine Syphilis, Rapid Diagnostic Test (RDT)', 'Entecavir 0.5mg tablets, 30 tablets', 'Heparin Sodium inj 5000IU/ml', 'Hepatitis B (HBsAg) rapid test SD Bioline, Kit', 'Hepatitis B HBsAg rapid test SD Bioline, Kit of 30 Tests', 'Hepatitis C rapid test Bioline HCV, Kit', 'Isoniazid/Rifapentin 300/300mg', 'Nevirapine (NVP syrup with syringe), 10mg/ml, bottle of 100mls with syringe', 'Paclitaxel 6mg/ml inj, 5ml (30mg),', 'Pima catridges for CD4 Count, 100s', 'Rifapentin 150mg tablets', 'SD Bioline, Syphilis test kits, Kit of 30 Tests', 'Unigold HIV test kits, Kit of 20 Tests']
2026-09-28 18:56:59 INFO     lmis_pipeline.extract: Upsert: 20438 existing + 10116 new rows -> 30554 after dedup on ['Facility Code', 'Product Code', 'Period'] (0 row(s) updated in place)
2026-09-28 18:57:11 INFO     lmis_pipeline.extract: Wrote 30554 total row(s) to run_data_malawi\extracts\LMIS_MW_HIV_hist_auto.csv and run_data_malawi\extracts\LMIS_MW_HIV_hist.xlsx
2026-09-28 18:57:11 INFO     __main__: Upserted period Mar2024 into master files at (WindowsPath('run_data_malawi/extracts/LMIS_MW_HIV_hist.xlsx'), WindowsPath('run_data_malawi/extracts/LMIS_MW_HIV_hist_auto.csv'))
2026-09-28 18:57:11 INFO     __main__: === Period: Apr2024 ===
2026-09-28 18:57:11 INFO     lmis_pipeline.malawi_scraper: Opening Reports dropdown
2026-09-28 18:57:11 INFO     lmis_pipeline.malawi_scraper: Clicking View Reports
2026-09-28 18:57:11 INFO     lmis_pipeline.malawi_scraper: Selecting LMIS Summary by facility
2026-09-28 18:57:11 INFO     lmis_pipeline.malawi_scraper: Selecting Program Name: HIV
2026-09-28 18:57:12 INFO     lmis_pipeline.malawi_scraper: Selecting Period Name: Apr2024
2026-09-28 18:57:13 INFO     lmis_pipeline.malawi_scraper: Selecting xlsx format
2026-09-28 18:57:13 INFO     lmis_pipeline.malawi_scraper: Clicking Generate and waiting for the file
2026-09-28 18:57:33 INFO     lmis_pipeline.malawi_scraper: Saved downloaded results to run_data_malawi\downloads\20260928T185732_lmis_summary_by_facility_hiv_apr2024.xlsx
2026-09-28 18:57:42 INFO     __main__: Staged raw download (as CSV) to run_data_malawi\landing\LMIS_MW_01-04-2024.csv
2026-09-28 18:57:42 INFO     __main__: Staged raw download for Apr2024 to run_data_malawi\landing\LMIS_MW_01-04-2024.csv
2026-09-28 18:57:50 INFO     __main__: Parsed 13328 rows, 17 columns (incl. Period) from run_data_malawi\downloads\20260928T185732_lmis_summary_by_facility_hiv_apr2024.xlsx
2026-09-28 18:57:50 INFO     lmis_pipeline.product_matching: Filtered to master product list: 13328 row(s) -> 9829 row(s) kept (55 of 73 distinct product name(s) matched)
2026-09-28 18:57:50 INFO     lmis_pipeline.product_matching: Dropped 18 distinct product name(s) with no confident match: ['Alere Finger Stick Sample collection kit, 100 tst', 'Cryptococcal Antigen (CrAg LFA), Kit of 50', 'DBS Bundles, 70 microlitre, Pack of 50 Tests', 'Determine Syphilis, Rapid Diagnostic Test (RDT)', 'Entecavir 0.5mg tablets, 30 tablets', 'Etravirine (ETV), pack of 120 tablets', 'Heparin Sodium inj 5000IU/ml', 'Hepatitis B (HBsAg) rapid test SD Bioline, Kit', 'Hepatitis B HBsAg rapid test SD Bioline, Kit of 30 Tests', 'Hepatitis C rapid test Bioline HCV, Kit', 'Hepatitis C rapid test Bioline HCV, Kit of 30 Tests', 'Isoniazid/Rifapentin 300/300mg', 'Nevirapine (NVP syrup with syringe), 10mg/ml, bottle of 100mls with syringe', 'Paclitaxel 6mg/ml inj, 5ml (30mg),', 'Pima catridges for CD4 Count, 100s', 'Rifapentin 150mg tablets', 'SD Bioline, Syphilis test kits, Kit of 30 Tests', 'Unigold HIV test kits, Kit of 20 Tests']
2026-09-28 18:57:59 INFO     lmis_pipeline.extract: Upsert: 30554 existing + 9829 new rows -> 40383 after dedup on ['Facility Code', 'Product Code', 'Period'] (0 row(s) updated in place)
2026-09-28 18:58:15 INFO     lmis_pipeline.extract: Wrote 40383 total row(s) to run_data_malawi\extracts\LMIS_MW_HIV_hist_auto.csv and run_data_malawi\extracts\LMIS_MW_HIV_hist.xlsx
2026-09-28 18:58:15 INFO     __main__: Upserted period Apr2024 into master files at (WindowsPath('run_data_malawi/extracts/LMIS_MW_HIV_hist.xlsx'), WindowsPath('run_data_malawi/extracts/LMIS_MW_HIV_hist_auto.csv'))
2026-09-28 18:58:15 INFO     __main__: === Period: May2024 ===
2026-09-28 18:58:15 INFO     lmis_pipeline.malawi_scraper: Opening Reports dropdown
2026-09-28 18:58:16 INFO     lmis_pipeline.malawi_scraper: Clicking View Reports
2026-09-28 18:58:16 INFO     lmis_pipeline.malawi_scraper: Selecting LMIS Summary by facility
2026-09-28 18:58:16 INFO     lmis_pipeline.malawi_scraper: Selecting Program Name: HIV
2026-09-28 18:58:17 INFO     lmis_pipeline.malawi_scraper: Selecting Period Name: May2024
2026-09-28 18:58:18 INFO     lmis_pipeline.malawi_scraper: Selecting xlsx format
2026-09-28 18:58:18 INFO     lmis_pipeline.malawi_scraper: Clicking Generate and waiting for the file
2026-09-28 18:58:37 INFO     lmis_pipeline.malawi_scraper: Saved downloaded results to run_data_malawi\downloads\20260928T185836_lmis_summary_by_facility_hiv_may2024.xlsx
2026-09-28 18:58:46 INFO     __main__: Staged raw download (as CSV) to run_data_malawi\landing\LMIS_MW_01-05-2024.csv
2026-09-28 18:58:46 INFO     __main__: Staged raw download for May2024 to run_data_malawi\landing\LMIS_MW_01-05-2024.csv
2026-09-28 18:58:54 INFO     __main__: Parsed 13059 rows, 17 columns (incl. Period) from run_data_malawi\downloads\20260928T185836_lmis_summary_by_facility_hiv_may2024.xlsx
2026-09-28 18:58:54 INFO     lmis_pipeline.product_matching: Filtered to master product list: 13059 row(s) -> 8692 row(s) kept (42 of 60 distinct product name(s) matched)
2026-09-28 18:58:54 INFO     lmis_pipeline.product_matching: Dropped 18 distinct product name(s) with no confident match: ['Alere Finger Stick Sample collection kit, 100 tst', 'Cryptococcal Antigen (CrAg LFA), Kit of 50', 'DBS Bundles, 70 microlitre, Pack of 50 Tests', 'Determine Syphilis, Rapid Diagnostic Test (RDT)', 'Entecavir 0.5mg tablets, 30 tablets', 'Etravirine (ETV), pack of 120', 'Heparin Sodium inj 5000IU/ml', 'Hepatitis B (HBsAg) rapid test SD Bioline, Kit', 'Hepatitis B HBsAg rapid test SD Bioline, Kit of 30 Tests', 'Hepatitis C rapid test Bioline HCV, Kit of 30 Tests', 'Isoniazid/Rifapentin 300/300mg', 'Nevirapine (NVP syrup with syringe), 10mg/ml, bottle of 100mls with syringe', 'Paclitaxel 6mg/ml inj, 5ml (30mg),', 'Pima catridges for CD4 Count, 100s', 'Raltegravir (RAL),100mg, pack of 60 tablets', 'Rifapentin 150mg tablets', 'SD Bioline, Syphilis test kits, Kit of 30 Tests', 'Unigold HIV test kits, Kit of 20 Tests']
2026-09-28 18:59:06 INFO     lmis_pipeline.extract: Upsert: 40383 existing + 8692 new rows -> 49075 after dedup on ['Facility Code', 'Product Code', 'Period'] (0 row(s) updated in place)
2026-09-28 18:59:27 INFO     lmis_pipeline.extract: Wrote 49075 total row(s) to run_data_malawi\extracts\LMIS_MW_HIV_hist_auto.csv and run_data_malawi\extracts\LMIS_MW_HIV_hist.xlsx
2026-09-28 18:59:27 INFO     __main__: Upserted period May2024 into master files at (WindowsPath('run_data_malawi/extracts/LMIS_MW_HIV_hist.xlsx'), WindowsPath('run_data_malawi/extracts/LMIS_MW_HIV_hist_auto.csv'))
2026-09-28 18:59:27 INFO     __main__: === Period: Jun2024 ===
2026-09-28 18:59:27 INFO     lmis_pipeline.malawi_scraper: Opening Reports dropdown
2026-09-28 18:59:27 INFO     lmis_pipeline.malawi_scraper: Clicking View Reports
2026-09-28 18:59:27 INFO     lmis_pipeline.malawi_scraper: Selecting LMIS Summary by facility
2026-09-28 18:59:27 INFO     lmis_pipeline.malawi_scraper: Selecting Program Name: HIV
2026-09-28 18:59:28 INFO     lmis_pipeline.malawi_scraper: Selecting Period Name: Jun2024
2026-09-28 18:59:29 INFO     lmis_pipeline.malawi_scraper: Selecting xlsx format
2026-09-28 18:59:29 INFO     lmis_pipeline.malawi_scraper: Clicking Generate and waiting for the file
2026-09-28 18:59:49 INFO     lmis_pipeline.malawi_scraper: Saved downloaded results to run_data_malawi\downloads\20260928T185948_lmis_summary_by_facility_hiv_jun2024.xlsx
2026-09-28 18:59:58 INFO     __main__: Staged raw download (as CSV) to run_data_malawi\landing\LMIS_MW_01-06-2024.csv
2026-09-28 18:59:58 INFO     __main__: Staged raw download for Jun2024 to run_data_malawi\landing\LMIS_MW_01-06-2024.csv
2026-09-28 19:00:06 INFO     __main__: Parsed 13400 rows, 17 columns (incl. Period) from run_data_malawi\downloads\20260928T185948_lmis_summary_by_facility_hiv_jun2024.xlsx
2026-09-28 19:00:06 INFO     lmis_pipeline.product_matching: Filtered to master product list: 13400 row(s) -> 8770 row(s) kept (32 of 51 distinct product name(s) matched)
2026-09-28 19:00:06 INFO     lmis_pipeline.product_matching: Dropped 19 distinct product name(s) with no confident match: ['Alere Finger Stick Sample collection kit, 100 tst', 'Cryptococcal Antigen (CrAg LFA), Kit of 50', 'DBS Bundles, 70 microlitre, Pack of 50 Tests', 'Determine Syphilis, Rapid Diagnostic Test (RDT)', 'Entecavir 0.5mg tablets, 30 tablets', 'Etravirine (ETV), pack of 120', 'Heparin Sodium inj 5000IU/ml', 'Hepatitis B HBsAg rapid test SD Bioline, Kit of 30 Tests', 'Hepatitis C rapid test Bioline HCV, Kit of 30 Tests', 'Isoniazid/Rifapentin 300/300mg', 'Nevirapine (NVP syrup with syringe), 10mg/ml, bottle of 100mls with syringe', 'Paclitaxel 6mg/ml inj, 5ml (30mg),', 'Pima catridges for CD4 Count, 100s', 'Raltegravir (RAL), 25mg, pack of 60 tablets', 'Raltegravir (RAL), 400mg, pack of 60', 'Raltegravir (RAL),100mg, pack of 60 tablets', 'Rifapentin 150mg tablets', 'SD Bioline, Syphilis test kits, Kit of 30 Tests', 'Unigold HIV test kits, Kit of 20 Tests']
2026-09-28 19:00:22 INFO     lmis_pipeline.extract: Upsert: 49075 existing + 8770 new rows -> 57845 after dedup on ['Facility Code', 'Product Code', 'Period'] (0 row(s) updated in place)
2026-09-28 19:00:58 INFO     lmis_pipeline.extract: Wrote 57845 total row(s) to run_data_malawi\extracts\LMIS_MW_HIV_hist_auto.csv and run_data_malawi\extracts\LMIS_MW_HIV_hist.xlsx
2026-09-28 19:00:58 INFO     __main__: Upserted period Jun2024 into master files at (WindowsPath('run_data_malawi/extracts/LMIS_MW_HIV_hist.xlsx'), WindowsPath('run_data_malawi/extracts/LMIS_MW_HIV_hist_auto.csv'))
2026-09-28 19:00:58 INFO     __main__: === Period: Jul2024 ===
2026-09-28 19:00:58 INFO     lmis_pipeline.malawi_scraper: Opening Reports dropdown
2026-09-28 19:00:58 INFO     lmis_pipeline.malawi_scraper: Clicking View Reports
2026-09-28 19:00:58 INFO     lmis_pipeline.malawi_scraper: Selecting LMIS Summary by facility
2026-09-28 19:00:58 INFO     lmis_pipeline.malawi_scraper: Selecting Program Name: HIV
2026-09-28 19:01:00 INFO     lmis_pipeline.malawi_scraper: Selecting Period Name: Jul2024
2026-09-28 19:01:01 INFO     lmis_pipeline.malawi_scraper: Selecting xlsx format
2026-09-28 19:01:01 INFO     lmis_pipeline.malawi_scraper: Clicking Generate and waiting for the file
2026-09-28 19:01:20 INFO     lmis_pipeline.malawi_scraper: Saved downloaded results to run_data_malawi\downloads\20260928T190120_lmis_summary_by_facility_hiv_jul2024.xlsx
2026-09-28 19:01:34 INFO     __main__: Staged raw download (as CSV) to run_data_malawi\landing\LMIS_MW_01-07-2024.csv
2026-09-28 19:01:34 INFO     __main__: Staged raw download for Jul2024 to run_data_malawi\landing\LMIS_MW_01-07-2024.csv
2026-09-28 19:01:46 INFO     __main__: Parsed 13507 rows, 17 columns (incl. Period) from run_data_malawi\downloads\20260928T190120_lmis_summary_by_facility_hiv_jul2024.xlsx
2026-09-28 19:01:46 INFO     lmis_pipeline.product_matching: Filtered to master product list: 13507 row(s) -> 8721 row(s) kept (32 of 51 distinct product name(s) matched)
2026-09-28 19:01:46 INFO     lmis_pipeline.product_matching: Dropped 19 distinct product name(s) with no confident match: ['Alere Finger Stick Sample collection kit, 100 tst', 'Cryptococcal Antigen (CrAg LFA), Kit of 50', 'DBS Bundles, 70 microlitre, Pack of 50 Tests', 'Determine Syphilis, Rapid Diagnostic Test (RDT)', 'Entecavir 0.5mg tablets, 30 tablets', 'Etravirine (ETV), pack of 120', 'Heparin Sodium inj 5000IU/ml', 'Hepatitis B HBsAg rapid test SD Bioline, Kit of 30 Tests', 'Hepatitis C rapid test Bioline HCV, Kit of 30 Tests', 'Isoniazid/Rifapentin 300/300mg', 'Nevirapine (NVP syrup with syringe), 10mg/ml, bottle of 100mls with syringe', 'Paclitaxel 6mg/ml inj, 5ml (30mg),', 'Pima catridges for CD4 Count, 100s', 'Raltegravir (RAL), 25mg, pack of 60 tablets', 'Raltegravir (RAL), 400mg, pack of 60', 'Raltegravir (RAL),100mg, pack of 60 tablets', 'Rifapentin 150mg tablets', 'SD Bioline, Syphilis test kits, Kit of 30 Tests', 'Unigold HIV test kits, Kit of 20 Tests']
2026-09-28 19:02:12 INFO     lmis_pipeline.extract: Upsert: 57845 existing + 8721 new rows -> 66566 after dedup on ['Facility Code', 'Product Code', 'Period'] (0 row(s) updated in place)
2026-09-28 19:02:52 INFO     lmis_pipeline.extract: Wrote 66566 total row(s) to run_data_malawi\extracts\LMIS_MW_HIV_hist_auto.csv and run_data_malawi\extracts\LMIS_MW_HIV_hist.xlsx
2026-09-28 19:02:52 INFO     __main__: Upserted period Jul2024 into master files at (WindowsPath('run_data_malawi/extracts/LMIS_MW_HIV_hist.xlsx'), WindowsPath('run_data_malawi/extracts/LMIS_MW_HIV_hist_auto.csv'))
2026-09-28 19:02:52 INFO     __main__: === Period: Aug2024 ===
2026-09-28 19:02:52 INFO     lmis_pipeline.malawi_scraper: Opening Reports dropdown
2026-09-28 19:02:52 INFO     lmis_pipeline.malawi_scraper: Clicking View Reports
2026-09-28 19:02:52 INFO     lmis_pipeline.malawi_scraper: Selecting LMIS Summary by facility
2026-09-28 19:02:53 INFO     lmis_pipeline.malawi_scraper: Selecting Program Name: HIV
2026-09-28 19:02:54 INFO     lmis_pipeline.malawi_scraper: Selecting Period Name: Aug2024
2026-09-28 19:02:55 INFO     lmis_pipeline.malawi_scraper: Selecting xlsx format
2026-09-28 19:02:55 INFO     lmis_pipeline.malawi_scraper: Clicking Generate and waiting for the file
2026-09-28 19:03:15 INFO     lmis_pipeline.malawi_scraper: Saved downloaded results to run_data_malawi\downloads\20260928T190314_lmis_summary_by_facility_hiv_aug2024.xlsx
2026-09-28 19:03:27 INFO     __main__: Staged raw download (as CSV) to run_data_malawi\landing\LMIS_MW_01-08-2024.csv
2026-09-28 19:03:27 INFO     __main__: Staged raw download for Aug2024 to run_data_malawi\landing\LMIS_MW_01-08-2024.csv
2026-09-28 19:03:41 INFO     __main__: Parsed 13813 rows, 17 columns (incl. Period) from run_data_malawi\downloads\20260928T190314_lmis_summary_by_facility_hiv_aug2024.xlsx
2026-09-28 19:03:41 INFO     lmis_pipeline.product_matching: Filtered to master product list: 13813 row(s) -> 8934 row(s) kept (32 of 50 distinct product name(s) matched)
2026-09-28 19:03:41 INFO     lmis_pipeline.product_matching: Dropped 18 distinct product name(s) with no confident match: ['Alere Finger Stick Sample collection kit, 100 tst', 'Cryptococcal Antigen (CrAg LFA), Kit of 50', 'DBS Bundles, 70 microlitre, Pack of 50 Tests', 'Determine Syphilis, Rapid Diagnostic Test (RDT)', 'Entecavir 0.5mg tablets, 30 tablets', 'Heparin Sodium inj 5000IU/ml', 'Hepatitis B HBsAg rapid test SD Bioline, Kit of 30 Tests', 'Hepatitis C rapid test Bioline HCV, Kit of 30 Tests', 'Isoniazid/Rifapentin 300/300mg', 'Nevirapine (NVP syrup with syringe), 10mg/ml, bottle of 100mls with syringe', 'Paclitaxel 6mg/ml inj, 5ml (30mg),', 'Pima catridges for CD4 Count, 100s', 'Raltegravir (RAL), 25mg, pack of 60 tablets', 'Raltegravir (RAL), 400mg, pack of 60', 'Raltegravir (RAL),100mg, pack of 60 tablets', 'Rifapentin 150mg tablets', 'SD Bioline, Syphilis test kits, Kit of 30 Tests', 'Unigold HIV test kits, Kit of 20 Tests']
2026-09-28 19:04:10 INFO     lmis_pipeline.extract: Upsert: 66566 existing + 8934 new rows -> 75500 after dedup on ['Facility Code', 'Product Code', 'Period'] (0 row(s) updated in place)
2026-09-28 19:04:57 INFO     lmis_pipeline.extract: Wrote 75500 total row(s) to run_data_malawi\extracts\LMIS_MW_HIV_hist_auto.csv and run_data_malawi\extracts\LMIS_MW_HIV_hist.xlsx
2026-09-28 19:04:57 INFO     __main__: Upserted period Aug2024 into master files at (WindowsPath('run_data_malawi/extracts/LMIS_MW_HIV_hist.xlsx'), WindowsPath('run_data_malawi/extracts/LMIS_MW_HIV_hist_auto.csv'))
2026-09-28 19:04:57 INFO     __main__: === Period: Sep2024 ===
2026-09-28 19:04:57 INFO     lmis_pipeline.malawi_scraper: Opening Reports dropdown
2026-09-28 19:04:57 INFO     lmis_pipeline.malawi_scraper: Clicking View Reports
2026-09-28 19:04:57 INFO     lmis_pipeline.malawi_scraper: Selecting LMIS Summary by facility
2026-09-28 19:04:57 INFO     lmis_pipeline.malawi_scraper: Selecting Program Name: HIV
2026-09-28 19:04:59 INFO     lmis_pipeline.malawi_scraper: Selecting Period Name: Sep2024
2026-09-28 19:04:59 INFO     lmis_pipeline.malawi_scraper: Selecting xlsx format
2026-09-28 19:04:59 INFO     lmis_pipeline.malawi_scraper: Clicking Generate and waiting for the file
2026-09-28 19:05:19 INFO     lmis_pipeline.malawi_scraper: Saved downloaded results to run_data_malawi\downloads\20260928T190519_lmis_summary_by_facility_hiv_sep2024.xlsx
2026-09-28 19:05:33 INFO     __main__: Staged raw download (as CSV) to run_data_malawi\landing\LMIS_MW_01-09-2024.csv
2026-09-28 19:05:33 INFO     __main__: Staged raw download for Sep2024 to run_data_malawi\landing\LMIS_MW_01-09-2024.csv
2026-09-28 19:05:48 INFO     __main__: Parsed 13640 rows, 17 columns (incl. Period) from run_data_malawi\downloads\20260928T190519_lmis_summary_by_facility_hiv_sep2024.xlsx
2026-09-28 19:05:48 INFO     lmis_pipeline.product_matching: Filtered to master product list: 13640 row(s) -> 8820 row(s) kept (32 of 48 distinct product name(s) matched)
2026-09-28 19:05:48 INFO     lmis_pipeline.product_matching: Dropped 16 distinct product name(s) with no confident match: ['Alere Finger Stick Sample collection kit, 100 tst', 'Cryptococcal Antigen (CrAg LFA), Kit of 50', 'DBS Bundles, 70 microlitre, Pack of 50 Tests', 'Determine Syphilis, Rapid Diagnostic Test (RDT)', 'Entecavir 0.5mg tablets, 30 tablets', 'Heparin Sodium inj 5000IU/ml', 'Hepatitis B HBsAg rapid test SD Bioline, Kit of 30 Tests', 'Hepatitis C rapid test Bioline HCV, Kit of 30 Tests', 'Isoniazid/Rifapentin 300/300mg', 'Nevirapine (NVP syrup with syringe), 10mg/ml, bottle of 100mls with syringe', 'Paclitaxel 6mg/ml inj, 5ml (30mg),', 'Pima catridges for CD4 Count, 100s', 'Raltegravir (RAL),100mg, pack of 60 tablets', 'Rifapentin 150mg tablets', 'SD Bioline, Syphilis test kits, Kit of 30 Tests', 'Unigold HIV test kits, Kit of 20 Tests']
2026-09-28 19:06:22 INFO     lmis_pipeline.extract: Upsert: 75500 existing + 8820 new rows -> 84320 after dedup on ['Facility Code', 'Product Code', 'Period'] (0 row(s) updated in place)
2026-09-28 19:07:19 INFO     lmis_pipeline.extract: Wrote 84320 total row(s) to run_data_malawi\extracts\LMIS_MW_HIV_hist_auto.csv and run_data_malawi\extracts\LMIS_MW_HIV_hist.xlsx
2026-09-28 19:07:19 INFO     __main__: Upserted period Sep2024 into master files at (WindowsPath('run_data_malawi/extracts/LMIS_MW_HIV_hist.xlsx'), WindowsPath('run_data_malawi/extracts/LMIS_MW_HIV_hist_auto.csv'))
2026-09-28 19:07:19 INFO     __main__: === Period: Oct2024 ===
2026-09-28 19:07:19 INFO     lmis_pipeline.malawi_scraper: Opening Reports dropdown
2026-09-28 19:07:19 INFO     lmis_pipeline.malawi_scraper: Clicking View Reports
2026-09-28 19:07:19 INFO     lmis_pipeline.malawi_scraper: Selecting LMIS Summary by facility
2026-09-28 19:07:19 INFO     lmis_pipeline.malawi_scraper: Selecting Program Name: HIV
2026-09-28 19:07:20 INFO     lmis_pipeline.malawi_scraper: Selecting Period Name: Oct2024
2026-09-28 19:07:21 INFO     lmis_pipeline.malawi_scraper: Selecting xlsx format
2026-09-28 19:07:21 INFO     lmis_pipeline.malawi_scraper: Clicking Generate and waiting for the file
2026-09-28 19:07:42 INFO     lmis_pipeline.malawi_scraper: Saved downloaded results to run_data_malawi\downloads\20260928T190741_lmis_summary_by_facility_hiv_oct2024.xlsx
2026-09-28 19:07:55 INFO     __main__: Staged raw download (as CSV) to run_data_malawi\landing\LMIS_MW_01-10-2024.csv
2026-09-28 19:07:55 INFO     __main__: Staged raw download for Oct2024 to run_data_malawi\landing\LMIS_MW_01-10-2024.csv
2026-09-28 19:08:10 INFO     __main__: Parsed 14017 rows, 17 columns (incl. Period) from run_data_malawi\downloads\20260928T190741_lmis_summary_by_facility_hiv_oct2024.xlsx
2026-09-28 19:08:10 INFO     lmis_pipeline.product_matching: Filtered to master product list: 14017 row(s) -> 9116 row(s) kept (32 of 48 distinct product name(s) matched)
2026-09-28 19:08:10 INFO     lmis_pipeline.product_matching: Dropped 16 distinct product name(s) with no confident match: ['Alere Finger Stick Sample collection kit, 100 tst', 'Cryptococcal Antigen (CrAg LFA), Kit of 50', 'DBS Bundles, 70 microlitre, Pack of 50 Tests', 'Determine Syphilis, Rapid Diagnostic Test (RDT)', 'Entecavir 0.5mg tablets, 30 tablets', 'Heparin Sodium inj 5000IU/ml', 'Hepatitis B HBsAg rapid test SD Bioline, Kit of 30 Tests', 'Hepatitis C rapid test Bioline HCV, Kit of 30 Tests', 'Isoniazid/Rifapentin 300/300mg', 'Nevirapine (NVP syrup with syringe), 10mg/ml, bottle of 100mls with syringe', 'Paclitaxel 6mg/ml inj, 5ml (30mg),', 'Pima catridges for CD4 Count, 100s', 'Raltegravir (RAL),100mg, pack of 60 tablets', 'Rifapentin 150mg tablets', 'SD Bioline, Syphilis test kits, Kit of 30 Tests', 'Unigold HIV test kits, Kit of 20 Tests']
2026-09-28 19:08:50 INFO     lmis_pipeline.extract: Upsert: 84320 existing + 9116 new rows -> 93436 after dedup on ['Facility Code', 'Product Code', 'Period'] (0 row(s) updated in place)
2026-09-28 19:09:51 INFO     lmis_pipeline.extract: Wrote 93436 total row(s) to run_data_malawi\extracts\LMIS_MW_HIV_hist_auto.csv and run_data_malawi\extracts\LMIS_MW_HIV_hist.xlsx
2026-09-28 19:09:51 INFO     __main__: Upserted period Oct2024 into master files at (WindowsPath('run_data_malawi/extracts/LMIS_MW_HIV_hist.xlsx'), WindowsPath('run_data_malawi/extracts/LMIS_MW_HIV_hist_auto.csv'))
2026-09-28 19:09:51 INFO     __main__: === Period: Nov2024 ===
2026-09-28 19:09:51 INFO     lmis_pipeline.malawi_scraper: Opening Reports dropdown
2026-09-28 19:09:51 INFO     lmis_pipeline.malawi_scraper: Clicking View Reports
2026-09-28 19:09:51 INFO     lmis_pipeline.malawi_scraper: Selecting LMIS Summary by facility
2026-09-28 19:09:51 INFO     lmis_pipeline.malawi_scraper: Selecting Program Name: HIV
2026-09-28 19:09:53 INFO     lmis_pipeline.malawi_scraper: Selecting Period Name: Nov2024
2026-09-28 19:09:54 INFO     lmis_pipeline.malawi_scraper: Selecting xlsx format
2026-09-28 19:09:54 INFO     lmis_pipeline.malawi_scraper: Clicking Generate and waiting for the file
2026-09-28 19:10:14 INFO     lmis_pipeline.malawi_scraper: Saved downloaded results to run_data_malawi\downloads\20260928T191014_lmis_summary_by_facility_hiv_nov2024.xlsx
2026-09-28 19:10:29 INFO     __main__: Staged raw download (as CSV) to run_data_malawi\landing\LMIS_MW_01-11-2024.csv
2026-09-28 19:10:29 INFO     __main__: Staged raw download for Nov2024 to run_data_malawi\landing\LMIS_MW_01-11-2024.csv
2026-09-28 19:10:42 INFO     __main__: Parsed 14447 rows, 17 columns (incl. Period) from run_data_malawi\downloads\20260928T191014_lmis_summary_by_facility_hiv_nov2024.xlsx
2026-09-28 19:10:42 INFO     lmis_pipeline.product_matching: Filtered to master product list: 14447 row(s) -> 9605 row(s) kept (30 of 46 distinct product name(s) matched)
2026-09-28 19:10:42 INFO     lmis_pipeline.product_matching: Dropped 16 distinct product name(s) with no confident match: ['Alere Finger Stick Sample collection kit, 100 tst', 'Cryptococcal Antigen (CrAg LFA), Kit of 50', 'DBS Bundles, 70 microlitre, Pack of 50 Tests', 'Determine Syphilis, Rapid Diagnostic Test (RDT)', 'Entecavir 0.5mg tablets, 30 tablets', 'Heparin Sodium inj 5000IU/ml', 'Hepatitis B HBsAg rapid test SD Bioline, Kit of 30 Tests', 'Hepatitis C rapid test Bioline HCV, Kit of 30 Tests', 'Isoniazid/Rifapentin 300/300mg', 'Nevirapine (NVP syrup with syringe), 10mg/ml, bottle of 100mls with syringe', 'Paclitaxel 6mg/ml inj, 5ml (30mg),', 'Pima catridges for CD4 Count, 100s', 'Raltegravir (RAL),100mg, pack of 60 tablets', 'Rifapentin 150mg tablets', 'SD Bioline, Syphilis test kits, Kit of 30 Tests', 'Unigold HIV test kits, Kit of 20 Tests']
2026-09-28 19:11:26 INFO     lmis_pipeline.extract: Upsert: 93436 existing + 9605 new rows -> 103041 after dedup on ['Facility Code', 'Product Code', 'Period'] (0 row(s) updated in place)
2026-09-28 19:12:29 INFO     lmis_pipeline.extract: Wrote 103041 total row(s) to run_data_malawi\extracts\LMIS_MW_HIV_hist_auto.csv and run_data_malawi\extracts\LMIS_MW_HIV_hist.xlsx
2026-09-28 19:12:29 INFO     __main__: Upserted period Nov2024 into master files at (WindowsPath('run_data_malawi/extracts/LMIS_MW_HIV_hist.xlsx'), WindowsPath('run_data_malawi/extracts/LMIS_MW_HIV_hist_auto.csv'))
2026-09-28 19:12:29 INFO     __main__: === Period: Dec2024 ===
2026-09-28 19:12:29 INFO     lmis_pipeline.malawi_scraper: Opening Reports dropdown
2026-09-28 19:12:29 INFO     lmis_pipeline.malawi_scraper: Clicking View Reports
2026-09-28 19:12:29 INFO     lmis_pipeline.malawi_scraper: Selecting LMIS Summary by facility
2026-09-28 19:12:30 INFO     lmis_pipeline.malawi_scraper: Selecting Program Name: HIV
2026-09-28 19:12:31 INFO     lmis_pipeline.malawi_scraper: Selecting Period Name: Dec2024
2026-09-28 19:12:32 INFO     lmis_pipeline.malawi_scraper: Selecting xlsx format
2026-09-28 19:12:32 INFO     lmis_pipeline.malawi_scraper: Clicking Generate and waiting for the file
2026-09-28 19:12:53 INFO     lmis_pipeline.malawi_scraper: Saved downloaded results to run_data_malawi\downloads\20260928T191252_lmis_summary_by_facility_hiv_dec2024.xlsx
2026-09-28 19:13:07 INFO     __main__: Staged raw download (as CSV) to run_data_malawi\landing\LMIS_MW_01-12-2024.csv
2026-09-28 19:13:07 INFO     __main__: Staged raw download for Dec2024 to run_data_malawi\landing\LMIS_MW_01-12-2024.csv
2026-09-28 19:13:20 INFO     __main__: Parsed 14613 rows, 17 columns (incl. Period) from run_data_malawi\downloads\20260928T191252_lmis_summary_by_facility_hiv_dec2024.xlsx
2026-09-28 19:13:20 INFO     lmis_pipeline.product_matching: Filtered to master product list: 14613 row(s) -> 9774 row(s) kept (31 of 47 distinct product name(s) matched)
2026-09-28 19:13:20 INFO     lmis_pipeline.product_matching: Dropped 16 distinct product name(s) with no confident match: ['Alere Finger Stick Sample collection kit, 100 tst', 'Cryptococcal Antigen (CrAg LFA), Kit of 50', 'DBS Bundles, 70 microlitre, Pack of 50 Tests', 'Determine Syphilis, Rapid Diagnostic Test (RDT)', 'Entecavir 0.5mg tablets, 30 tablets', 'Heparin Sodium inj 5000IU/ml', 'Hepatitis B HBsAg rapid test SD Bioline, Kit of 30 Tests', 'Hepatitis C rapid test Bioline HCV, Kit of 30 Tests', 'Isoniazid/Rifapentin 300/300mg', 'Nevirapine (NVP syrup with syringe), 10mg/ml, bottle of 100mls with syringe', 'Paclitaxel 6mg/ml inj, 5ml (30mg),', 'Pima catridges for CD4 Count, 100s', 'Raltegravir (RAL),100mg, pack of 60 tablets', 'Rifapentin 150mg tablets', 'SD Bioline, Syphilis test kits, Kit of 30 Tests', 'Unigold HIV test kits, Kit of 20 Tests']
2026-09-28 19:14:04 INFO     lmis_pipeline.extract: Upsert: 103041 existing + 9774 new rows -> 112815 after dedup on ['Facility Code', 'Product Code', 'Period'] (0 row(s) updated in place)
2026-09-28 19:15:12 INFO     lmis_pipeline.extract: Wrote 112815 total row(s) to run_data_malawi\extracts\LMIS_MW_HIV_hist_auto.csv and run_data_malawi\extracts\LMIS_MW_HIV_hist.xlsx
2026-09-28 19:15:12 INFO     __main__: Upserted period Dec2024 into master files at (WindowsPath('run_data_malawi/extracts/LMIS_MW_HIV_hist.xlsx'), WindowsPath('run_data_malawi/extracts/LMIS_MW_HIV_hist_auto.csv'))
2026-09-28 19:15:12 INFO     __main__: === Period: Jan2025 ===
2026-09-28 19:15:12 INFO     lmis_pipeline.malawi_scraper: Opening Reports dropdown
2026-09-28 19:15:12 INFO     lmis_pipeline.malawi_scraper: Clicking View Reports
2026-09-28 19:15:12 INFO     lmis_pipeline.malawi_scraper: Selecting LMIS Summary by facility
2026-09-28 19:15:13 INFO     lmis_pipeline.malawi_scraper: Selecting Program Name: HIV
2026-09-28 19:15:14 INFO     lmis_pipeline.malawi_scraper: Selecting Period Name: Jan2025
2026-09-28 19:15:15 INFO     lmis_pipeline.malawi_scraper: Selecting xlsx format
2026-09-28 19:15:15 INFO     lmis_pipeline.malawi_scraper: Clicking Generate and waiting for the file
2026-09-28 19:15:35 INFO     lmis_pipeline.malawi_scraper: Saved downloaded results to run_data_malawi\downloads\20260928T191535_lmis_summary_by_facility_hiv_jan2025.xlsx
2026-09-28 19:15:48 INFO     __main__: Staged raw download (as CSV) to run_data_malawi\landing\LMIS_MW_01-01-2025.csv
2026-09-28 19:15:48 INFO     __main__: Staged raw download for Jan2025 to run_data_malawi\landing\LMIS_MW_01-01-2025.csv
2026-09-28 19:16:02 INFO     __main__: Parsed 14417 rows, 17 columns (incl. Period) from run_data_malawi\downloads\20260928T191535_lmis_summary_by_facility_hiv_jan2025.xlsx
2026-09-28 19:16:02 INFO     lmis_pipeline.product_matching: Filtered to master product list: 14417 row(s) -> 9681 row(s) kept (31 of 46 distinct product name(s) matched)
2026-09-28 19:16:02 INFO     lmis_pipeline.product_matching: Dropped 15 distinct product name(s) with no confident match: ['Alere Finger Stick Sample collection kit, 100 tst', 'Cryptococcal Antigen (CrAg LFA), Kit of 50', 'DBS Bundles, 70 microlitre, Pack of 50 Tests', 'Determine Syphilis, Rapid Diagnostic Test (RDT)', 'Entecavir 0.5mg tablets, 30 tablets', 'Heparin Sodium inj 5000IU/ml', 'Hepatitis B HBsAg rapid test SD Bioline, Kit of 30 Tests', 'Hepatitis C rapid test Bioline HCV, Kit of 30 Tests', 'Isoniazid/Rifapentin 300/300mg', 'Nevirapine (NVP syrup with syringe), 10mg/ml, bottle of 100mls with syringe', 'Paclitaxel 6mg/ml inj, 5ml (30mg),', 'Pima catridges for CD4 Count, 100s', 'Raltegravir (RAL),100mg, pack of 60 tablets', 'SD Bioline, Syphilis test kits, Kit of 30 Tests', 'Unigold HIV test kits, Kit of 20 Tests']
2026-09-28 19:16:51 INFO     lmis_pipeline.extract: Upsert: 112815 existing + 9681 new rows -> 122496 after dedup on ['Facility Code', 'Product Code', 'Period'] (0 row(s) updated in place)
2026-09-28 19:18:05 INFO     lmis_pipeline.extract: Wrote 122496 total row(s) to run_data_malawi\extracts\LMIS_MW_HIV_hist_auto.csv and run_data_malawi\extracts\LMIS_MW_HIV_hist.xlsx
2026-09-28 19:18:05 INFO     __main__: Upserted period Jan2025 into master files at (WindowsPath('run_data_malawi/extracts/LMIS_MW_HIV_hist.xlsx'), WindowsPath('run_data_malawi/extracts/LMIS_MW_HIV_hist_auto.csv'))
2026-09-28 19:18:05 INFO     __main__: === Period: Feb2025 ===
2026-09-28 19:18:05 INFO     lmis_pipeline.malawi_scraper: Opening Reports dropdown
2026-09-28 19:18:05 INFO     lmis_pipeline.malawi_scraper: Clicking View Reports
2026-09-28 19:18:05 INFO     lmis_pipeline.malawi_scraper: Selecting LMIS Summary by facility
2026-09-28 19:18:05 INFO     lmis_pipeline.malawi_scraper: Selecting Program Name: HIV
2026-09-28 19:18:06 INFO     lmis_pipeline.malawi_scraper: Selecting Period Name: Feb2025
2026-09-28 19:18:07 INFO     lmis_pipeline.malawi_scraper: Selecting xlsx format
2026-09-28 19:18:07 INFO     lmis_pipeline.malawi_scraper: Clicking Generate and waiting for the file
2026-09-28 19:18:28 INFO     lmis_pipeline.malawi_scraper: Saved downloaded results to run_data_malawi\downloads\20260928T191827_lmis_summary_by_facility_hiv_feb2025.xlsx
2026-09-28 19:18:42 INFO     __main__: Staged raw download (as CSV) to run_data_malawi\landing\LMIS_MW_01-02-2025.csv
2026-09-28 19:18:42 INFO     __main__: Staged raw download for Feb2025 to run_data_malawi\landing\LMIS_MW_01-02-2025.csv
2026-09-28 19:18:55 INFO     __main__: Parsed 14242 rows, 17 columns (incl. Period) from run_data_malawi\downloads\20260928T191827_lmis_summary_by_facility_hiv_feb2025.xlsx
2026-09-28 19:18:55 INFO     lmis_pipeline.product_matching: Filtered to master product list: 14242 row(s) -> 9617 row(s) kept (31 of 47 distinct product name(s) matched)
2026-09-28 19:18:55 INFO     lmis_pipeline.product_matching: Dropped 16 distinct product name(s) with no confident match: ['Alere Finger Stick Sample collection kit, 100 tst', 'Cryptococcal Antigen (CrAg LFA), Kit of 50', 'DBS Bundles, 70 microlitre, Pack of 50 Tests', 'Determine Syphilis, Rapid Diagnostic Test (RDT)', 'Entecavir 0.5mg tablets, 30 tablets', 'Heparin Sodium inj 5000IU/ml', 'Hepatitis B HBsAg rapid test SD Bioline, Kit of 30 Tests', 'Hepatitis C rapid test Bioline HCV, Kit of 30 Tests', 'Isoniazid/Rifapentin 300/300mg', 'Nevirapine (NVP syrup with syringe), 10mg/ml, bottle of 100mls with syringe', 'Paclitaxel 6mg/ml inj, 5ml (30mg),', 'Pima catridges for CD4 Count, 100s', 'Raltegravir (RAL),100mg, pack of 60 tablets', 'Rifapentin 150mg tablets', 'SD Bioline, Syphilis test kits, Kit of 30 Tests', 'Unigold HIV test kits, Kit of 20 Tests']
2026-09-28 19:19:32 INFO     lmis_pipeline.extract: Upsert: 122496 existing + 9617 new rows -> 132113 after dedup on ['Facility Code', 'Product Code', 'Period'] (0 row(s) updated in place)
2026-09-28 19:20:53 INFO     lmis_pipeline.extract: Wrote 132113 total row(s) to run_data_malawi\extracts\LMIS_MW_HIV_hist_auto.csv and run_data_malawi\extracts\LMIS_MW_HIV_hist.xlsx
2026-09-28 19:20:53 INFO     __main__: Upserted period Feb2025 into master files at (WindowsPath('run_data_malawi/extracts/LMIS_MW_HIV_hist.xlsx'), WindowsPath('run_data_malawi/extracts/LMIS_MW_HIV_hist_auto.csv'))
2026-09-28 19:20:53 INFO     __main__: === Period: Mar2025 ===
2026-09-28 19:20:53 INFO     lmis_pipeline.malawi_scraper: Opening Reports dropdown
2026-09-28 19:20:53 INFO     lmis_pipeline.malawi_scraper: Clicking View Reports
2026-09-28 19:20:53 INFO     lmis_pipeline.malawi_scraper: Selecting LMIS Summary by facility
2026-09-28 19:20:53 INFO     lmis_pipeline.malawi_scraper: Selecting Program Name: HIV
2026-09-28 19:20:54 INFO     lmis_pipeline.malawi_scraper: Selecting Period Name: Mar2025
2026-09-28 19:20:55 INFO     lmis_pipeline.malawi_scraper: Selecting xlsx format
2026-09-28 19:20:55 INFO     lmis_pipeline.malawi_scraper: Clicking Generate and waiting for the file
2026-09-28 19:21:16 INFO     lmis_pipeline.malawi_scraper: Saved downloaded results to run_data_malawi\downloads\20260928T192116_lmis_summary_by_facility_hiv_mar2025.xlsx
2026-09-28 19:21:31 INFO     __main__: Staged raw download (as CSV) to run_data_malawi\landing\LMIS_MW_01-03-2025.csv
2026-09-28 19:21:31 INFO     __main__: Staged raw download for Mar2025 to run_data_malawi\landing\LMIS_MW_01-03-2025.csv
2026-09-28 19:21:43 INFO     __main__: Parsed 14189 rows, 17 columns (incl. Period) from run_data_malawi\downloads\20260928T192116_lmis_summary_by_facility_hiv_mar2025.xlsx
2026-09-28 19:21:43 INFO     lmis_pipeline.product_matching: Filtered to master product list: 14189 row(s) -> 9544 row(s) kept (32 of 48 distinct product name(s) matched)
2026-09-28 19:21:43 INFO     lmis_pipeline.product_matching: Dropped 16 distinct product name(s) with no confident match: ['Alere Finger Stick Sample collection kit, 100 tst', 'Cryptococcal Antigen (CrAg LFA), Kit of 50', 'DBS Bundles, 70 microlitre, Pack of 50 Tests', 'Determine Syphilis, Rapid Diagnostic Test (RDT)', 'Entecavir 0.5mg tablets, 30 tablets', 'Heparin Sodium inj 5000IU/ml', 'Hepatitis B HBsAg rapid test SD Bioline, Kit of 30 Tests', 'Hepatitis C rapid test Bioline HCV, Kit of 30 Tests', 'Isoniazid/Rifapentin 300/300mg', 'Nevirapine (NVP syrup with syringe), 10mg/ml, bottle of 100mls with syringe', 'Paclitaxel 6mg/ml inj, 5ml (30mg),', 'Pima catridges for CD4 Count, 100s', 'Raltegravir (RAL),100mg, pack of 60 tablets', 'Rifapentin 150mg tablets', 'SD Bioline, Syphilis test kits, Kit of 30 Tests', 'Unigold HIV test kits, Kit of 20 Tests']
2026-09-28 19:22:39 INFO     lmis_pipeline.extract: Upsert: 132113 existing + 9544 new rows -> 141657 after dedup on ['Facility Code', 'Product Code', 'Period'] (0 row(s) updated in place)
2026-09-28 19:24:06 INFO     lmis_pipeline.extract: Wrote 141657 total row(s) to run_data_malawi\extracts\LMIS_MW_HIV_hist_auto.csv and run_data_malawi\extracts\LMIS_MW_HIV_hist.xlsx
2026-09-28 19:24:06 INFO     __main__: Upserted period Mar2025 into master files at (WindowsPath('run_data_malawi/extracts/LMIS_MW_HIV_hist.xlsx'), WindowsPath('run_data_malawi/extracts/LMIS_MW_HIV_hist_auto.csv'))
2026-09-28 19:24:06 INFO     __main__: === Period: Apr2025 ===
2026-09-28 19:24:06 INFO     lmis_pipeline.malawi_scraper: Opening Reports dropdown
2026-09-28 19:24:06 INFO     lmis_pipeline.malawi_scraper: Clicking View Reports
2026-09-28 19:24:06 INFO     lmis_pipeline.malawi_scraper: Selecting LMIS Summary by facility
2026-09-28 19:24:06 INFO     lmis_pipeline.malawi_scraper: Selecting Program Name: HIV
2026-09-28 19:24:08 INFO     lmis_pipeline.malawi_scraper: Selecting Period Name: Apr2025
2026-09-28 19:24:09 INFO     lmis_pipeline.malawi_scraper: Selecting xlsx format
2026-09-28 19:24:09 INFO     lmis_pipeline.malawi_scraper: Clicking Generate and waiting for the file
2026-09-28 19:24:29 INFO     lmis_pipeline.malawi_scraper: Saved downloaded results to run_data_malawi\downloads\20260928T192429_lmis_summary_by_facility_hiv_apr2025.xlsx
2026-09-28 19:24:41 INFO     __main__: Staged raw download (as CSV) to run_data_malawi\landing\LMIS_MW_01-04-2025.csv
2026-09-28 19:24:41 INFO     __main__: Staged raw download for Apr2025 to run_data_malawi\landing\LMIS_MW_01-04-2025.csv
2026-09-28 19:24:53 INFO     __main__: Parsed 13899 rows, 17 columns (incl. Period) from run_data_malawi\downloads\20260928T192429_lmis_summary_by_facility_hiv_apr2025.xlsx
2026-09-28 19:24:53 INFO     lmis_pipeline.product_matching: Filtered to master product list: 13899 row(s) -> 9358 row(s) kept (32 of 48 distinct product name(s) matched)
2026-09-28 19:24:53 INFO     lmis_pipeline.product_matching: Dropped 16 distinct product name(s) with no confident match: ['Alere Finger Stick Sample collection kit, 100 tst', 'Cryptococcal Antigen (CrAg LFA), Kit of 50', 'DBS Bundles, 70 microlitre, Pack of 50 Tests', 'Determine Syphilis, Rapid Diagnostic Test (RDT)', 'Entecavir 0.5mg tablets, 30 tablets', 'Heparin Sodium inj 5000IU/ml', 'Hepatitis B HBsAg rapid test SD Bioline, Kit of 30 Tests', 'Hepatitis C rapid test Bioline HCV, Kit of 30 Tests', 'Isoniazid/Rifapentin 300/300mg', 'Nevirapine (NVP syrup with syringe), 10mg/ml, bottle of 100mls with syringe', 'Paclitaxel 6mg/ml inj, 5ml (30mg),', 'Pima catridges for CD4 Count, 100s', 'Raltegravir (RAL),100mg, pack of 60 tablets', 'Rifapentin 150mg tablets', 'SD Bioline, Syphilis test kits, Kit of 30 Tests', 'Unigold HIV test kits, Kit of 20 Tests']
2026-09-28 19:25:54 INFO     lmis_pipeline.extract: Upsert: 141657 existing + 9358 new rows -> 151015 after dedup on ['Facility Code', 'Product Code', 'Period'] (0 row(s) updated in place)
2026-09-28 19:27:25 INFO     lmis_pipeline.extract: Wrote 151015 total row(s) to run_data_malawi\extracts\LMIS_MW_HIV_hist_auto.csv and run_data_malawi\extracts\LMIS_MW_HIV_hist.xlsx
2026-09-28 19:27:25 INFO     __main__: Upserted period Apr2025 into master files at (WindowsPath('run_data_malawi/extracts/LMIS_MW_HIV_hist.xlsx'), WindowsPath('run_data_malawi/extracts/LMIS_MW_HIV_hist_auto.csv'))
2026-09-28 19:27:25 INFO     __main__: === Period: May2025 ===
2026-09-28 19:27:25 INFO     lmis_pipeline.malawi_scraper: Opening Reports dropdown
2026-09-28 19:27:25 INFO     lmis_pipeline.malawi_scraper: Clicking View Reports
2026-09-28 19:27:26 INFO     lmis_pipeline.malawi_scraper: Selecting LMIS Summary by facility
2026-09-28 19:27:26 INFO     lmis_pipeline.malawi_scraper: Selecting Program Name: HIV
2026-09-28 19:27:27 INFO     lmis_pipeline.malawi_scraper: Selecting Period Name: May2025
2026-09-28 19:27:28 INFO     lmis_pipeline.malawi_scraper: Selecting xlsx format
2026-09-28 19:27:28 INFO     lmis_pipeline.malawi_scraper: Clicking Generate and waiting for the file
2026-09-28 19:27:48 INFO     lmis_pipeline.malawi_scraper: Saved downloaded results to run_data_malawi\downloads\20260928T192748_lmis_summary_by_facility_hiv_may2025.xlsx
2026-09-28 19:28:03 INFO     __main__: Staged raw download (as CSV) to run_data_malawi\landing\LMIS_MW_01-05-2025.csv
2026-09-28 19:28:03 INFO     __main__: Staged raw download for May2025 to run_data_malawi\landing\LMIS_MW_01-05-2025.csv
2026-09-28 19:28:15 INFO     __main__: Parsed 13987 rows, 17 columns (incl. Period) from run_data_malawi\downloads\20260928T192748_lmis_summary_by_facility_hiv_may2025.xlsx
2026-09-28 19:28:15 INFO     lmis_pipeline.product_matching: Filtered to master product list: 13987 row(s) -> 9421 row(s) kept (32 of 47 distinct product name(s) matched)
2026-09-28 19:28:15 INFO     lmis_pipeline.product_matching: Dropped 15 distinct product name(s) with no confident match: ['Alere Finger Stick Sample collection kit, 100 tst', 'Cryptococcal Antigen (CrAg LFA), Kit of 50', 'DBS Bundles, 70 microlitre, Pack of 50 Tests', 'Determine Syphilis, Rapid Diagnostic Test (RDT)', 'Entecavir 0.5mg tablets, 30 tablets', 'Heparin Sodium inj 5000IU/ml', 'Hepatitis B HBsAg rapid test SD Bioline, Kit of 30 Tests', 'Hepatitis C rapid test Bioline HCV, Kit of 30 Tests', 'Isoniazid/Rifapentin 300/300mg', 'Nevirapine (NVP syrup with syringe), 10mg/ml, bottle of 100mls with syringe', 'Paclitaxel 6mg/ml inj, 5ml (30mg),', 'Pima catridges for CD4 Count, 100s', 'Raltegravir (RAL),100mg, pack of 60 tablets', 'SD Bioline, Syphilis test kits, Kit of 30 Tests', 'Unigold HIV test kits, Kit of 20 Tests']
2026-09-28 19:29:23 INFO     lmis_pipeline.extract: Upsert: 151015 existing + 9421 new rows -> 160436 after dedup on ['Facility Code', 'Product Code', 'Period'] (0 row(s) updated in place)
2026-09-28 19:31:02 INFO     lmis_pipeline.extract: Wrote 160436 total row(s) to run_data_malawi\extracts\LMIS_MW_HIV_hist_auto.csv and run_data_malawi\extracts\LMIS_MW_HIV_hist.xlsx
2026-09-28 19:31:02 INFO     __main__: Upserted period May2025 into master files at (WindowsPath('run_data_malawi/extracts/LMIS_MW_HIV_hist.xlsx'), WindowsPath('run_data_malawi/extracts/LMIS_MW_HIV_hist_auto.csv'))
2026-09-28 19:31:02 INFO     __main__: === Period: Jun2025 ===
2026-09-28 19:31:02 INFO     lmis_pipeline.malawi_scraper: Opening Reports dropdown
2026-09-28 19:31:02 INFO     lmis_pipeline.malawi_scraper: Clicking View Reports
2026-09-28 19:31:02 INFO     lmis_pipeline.malawi_scraper: Selecting LMIS Summary by facility
2026-09-28 19:31:02 INFO     lmis_pipeline.malawi_scraper: Selecting Program Name: HIV
2026-09-28 19:31:04 INFO     lmis_pipeline.malawi_scraper: Selecting Period Name: Jun2025
2026-09-28 19:31:05 INFO     lmis_pipeline.malawi_scraper: Selecting xlsx format
2026-09-28 19:31:05 INFO     lmis_pipeline.malawi_scraper: Clicking Generate and waiting for the file
2026-09-28 19:31:26 INFO     lmis_pipeline.malawi_scraper: Saved downloaded results to run_data_malawi\downloads\20260928T193125_lmis_summary_by_facility_hiv_jun2025.xlsx
2026-09-28 19:31:39 INFO     __main__: Staged raw download (as CSV) to run_data_malawi\landing\LMIS_MW_01-06-2025.csv
2026-09-28 19:31:39 INFO     __main__: Staged raw download for Jun2025 to run_data_malawi\landing\LMIS_MW_01-06-2025.csv
2026-09-28 19:31:52 INFO     __main__: Parsed 14077 rows, 17 columns (incl. Period) from run_data_malawi\downloads\20260928T193125_lmis_summary_by_facility_hiv_jun2025.xlsx
2026-09-28 19:31:52 INFO     lmis_pipeline.product_matching: Filtered to master product list: 14077 row(s) -> 9494 row(s) kept (34 of 49 distinct product name(s) matched)
2026-09-28 19:31:52 INFO     lmis_pipeline.product_matching: Dropped 15 distinct product name(s) with no confident match: ['Alere Finger Stick Sample collection kit, 100 tst', 'Cryptococcal Antigen (CrAg LFA), Kit of 50', 'DBS Bundles, 70 microlitre, Pack of 50 Tests', 'Determine Syphilis, Rapid Diagnostic Test (RDT)', 'Entecavir 0.5mg tablets, 30 tablets', 'Heparin Sodium inj 5000IU/ml', 'Hepatitis B HBsAg rapid test SD Bioline, Kit of 30 Tests', 'Hepatitis C rapid test Bioline HCV, Kit of 30 Tests', 'Isoniazid/Rifapentin 300/300mg', 'Nevirapine (NVP syrup with syringe), 10mg/ml, bottle of 100mls with syringe', 'Paclitaxel 6mg/ml inj, 5ml (30mg),', 'Pima catridges for CD4 Count, 100s', 'Raltegravir (RAL),100mg, pack of 60 tablets', 'SD Bioline, Syphilis test kits, Kit of 30 Tests', 'Unigold HIV test kits, Kit of 20 Tests']
2026-09-28 19:33:04 INFO     lmis_pipeline.extract: Upsert: 160436 existing + 9494 new rows -> 169930 after dedup on ['Facility Code', 'Product Code', 'Period'] (0 row(s) updated in place)
2026-09-28 19:34:50 INFO     lmis_pipeline.extract: Wrote 169930 total row(s) to run_data_malawi\extracts\LMIS_MW_HIV_hist_auto.csv and run_data_malawi\extracts\LMIS_MW_HIV_hist.xlsx
2026-09-28 19:34:50 INFO     __main__: Upserted period Jun2025 into master files at (WindowsPath('run_data_malawi/extracts/LMIS_MW_HIV_hist.xlsx'), WindowsPath('run_data_malawi/extracts/LMIS_MW_HIV_hist_auto.csv'))
2026-09-28 19:34:50 INFO     __main__: === Period: Jul2025 ===
2026-09-28 19:34:50 INFO     lmis_pipeline.malawi_scraper: Opening Reports dropdown
2026-09-28 19:34:50 INFO     lmis_pipeline.malawi_scraper: Clicking View Reports
2026-09-28 19:34:50 INFO     lmis_pipeline.malawi_scraper: Selecting LMIS Summary by facility
2026-09-28 19:34:50 INFO     lmis_pipeline.malawi_scraper: Selecting Program Name: HIV
2026-09-28 19:34:52 INFO     lmis_pipeline.malawi_scraper: Selecting Period Name: Jul2025
2026-09-28 19:34:52 INFO     lmis_pipeline.malawi_scraper: Selecting xlsx format
2026-09-28 19:34:52 INFO     lmis_pipeline.malawi_scraper: Clicking Generate and waiting for the file
2026-09-28 19:35:13 INFO     lmis_pipeline.malawi_scraper: Saved downloaded results to run_data_malawi\downloads\20260928T193513_lmis_summary_by_facility_hiv_jul2025.xlsx
2026-09-28 19:35:27 INFO     __main__: Staged raw download (as CSV) to run_data_malawi\landing\LMIS_MW_01-07-2025.csv
2026-09-28 19:35:27 INFO     __main__: Staged raw download for Jul2025 to run_data_malawi\landing\LMIS_MW_01-07-2025.csv
2026-09-28 19:35:40 INFO     __main__: Parsed 13896 rows, 17 columns (incl. Period) from run_data_malawi\downloads\20260928T193513_lmis_summary_by_facility_hiv_jul2025.xlsx
2026-09-28 19:35:40 INFO     lmis_pipeline.product_matching: Filtered to master product list: 13896 row(s) -> 9351 row(s) kept (46 of 64 distinct product name(s) matched)
2026-09-28 19:35:40 INFO     lmis_pipeline.product_matching: Dropped 18 distinct product name(s) with no confident match: ['Alere Finger Stick Sample collection kit, 100 tst', 'Cryptococcal Antigen (CrAg LFA), Kit of 50', 'DBS Bundles, 70 microlitre, Pack of 50 Tests', 'Determine Syphilis pack of 100 tests', 'Determine Syphilis, Rapid Diagnostic Test (RDT)', 'Entecavir 0.5mg tablets, 30 tablets', 'Heparin Sodium inj 5000IU/ml', 'Hepatitis B HBsAg rapid test SD Bioline, Kit of 30 Tests', 'Hepatitis C rapid test Bioline HCV, Kit of 30 Tests', 'Isoniazid/Rifapentin 300/300mg', 'Isoniazid/Rifapentine\xa0300/300mg pack of 36 tablets', 'Nevirapine (NVP syrup with syringe), 10mg/ml, bottle of 100mls with syringe', 'Paclitaxel 6mg/ml inj, 5ml (30mg),', 'Pima catridges for CD4 Count, 100s', 'Raltegravir (RAL),100mg, pack of 60 tablets', 'Rifapentin 150mg tablets', 'SD Bioline, Syphilis test kits, Kit of 30 Tests', 'Unigold HIV test kits, Kit of 20 Tests']
2026-09-28 19:36:35 INFO     lmis_pipeline.extract: Upsert: 169930 existing + 9351 new rows -> 179281 after dedup on ['Facility Code', 'Product Code', 'Period'] (0 row(s) updated in place)
2026-09-28 19:38:26 INFO     lmis_pipeline.extract: Wrote 179281 total row(s) to run_data_malawi\extracts\LMIS_MW_HIV_hist_auto.csv and run_data_malawi\extracts\LMIS_MW_HIV_hist.xlsx
2026-09-28 19:38:26 INFO     __main__: Upserted period Jul2025 into master files at (WindowsPath('run_data_malawi/extracts/LMIS_MW_HIV_hist.xlsx'), WindowsPath('run_data_malawi/extracts/LMIS_MW_HIV_hist_auto.csv'))
2026-09-28 19:38:26 INFO     __main__: === Period: Aug2025 ===
2026-09-28 19:38:26 INFO     lmis_pipeline.malawi_scraper: Opening Reports dropdown
2026-09-28 19:38:26 INFO     lmis_pipeline.malawi_scraper: Clicking View Reports
2026-09-28 19:38:26 INFO     lmis_pipeline.malawi_scraper: Selecting LMIS Summary by facility
2026-09-28 19:38:26 INFO     lmis_pipeline.malawi_scraper: Selecting Program Name: HIV
2026-09-28 19:38:27 INFO     lmis_pipeline.malawi_scraper: Selecting Period Name: Aug2025
2026-09-28 19:38:28 INFO     lmis_pipeline.malawi_scraper: Selecting xlsx format
2026-09-28 19:38:28 INFO     lmis_pipeline.malawi_scraper: Clicking Generate and waiting for the file
2026-09-28 19:38:48 INFO     lmis_pipeline.malawi_scraper: Saved downloaded results to run_data_malawi\downloads\20260928T193848_lmis_summary_by_facility_hiv_aug2025.xlsx
2026-09-28 19:39:01 INFO     __main__: Staged raw download (as CSV) to run_data_malawi\landing\LMIS_MW_01-08-2025.csv
2026-09-28 19:39:01 INFO     __main__: Staged raw download for Aug2025 to run_data_malawi\landing\LMIS_MW_01-08-2025.csv
2026-09-28 19:39:13 INFO     __main__: Parsed 14106 rows, 17 columns (incl. Period) from run_data_malawi\downloads\20260928T193848_lmis_summary_by_facility_hiv_aug2025.xlsx
2026-09-28 19:39:13 INFO     lmis_pipeline.product_matching: Filtered to master product list: 14106 row(s) -> 9519 row(s) kept (33 of 49 distinct product name(s) matched)
2026-09-28 19:39:13 INFO     lmis_pipeline.product_matching: Dropped 16 distinct product name(s) with no confident match: ['Alere Finger Stick Sample collection kit, 100 tst', 'Cryptococcal Antigen (CrAg LFA), Kit of 50', 'DBS Bundles, 70 microlitre, Pack of 50 Tests', 'Determine Syphilis, Rapid Diagnostic Test (RDT)', 'Entecavir 0.5mg tablets, 30 tablets', 'Heparin Sodium inj 5000IU/ml', 'Hepatitis B HBsAg rapid test SD Bioline, Kit of 30 Tests', 'Hepatitis C rapid test Bioline HCV, Kit of 30 Tests', 'Isoniazid/Rifapentin 300/300mg', 'Nevirapine (NVP syrup with syringe), 10mg/ml, bottle of 100mls with syringe', 'Paclitaxel 6mg/ml inj, 5ml (30mg),', 'Pima catridges for CD4 Count, 100s', 'Raltegravir (RAL),100mg, pack of 60 tablets', 'Rifapentin 150mg tablets', 'SD Bioline, Syphilis test kits, Kit of 30 Tests', 'Unigold HIV test kits, Kit of 20 Tests']
2026-09-28 19:40:33 INFO     lmis_pipeline.extract: Upsert: 179281 existing + 9519 new rows -> 188800 after dedup on ['Facility Code', 'Product Code', 'Period'] (0 row(s) updated in place)
2026-09-28 19:42:25 INFO     lmis_pipeline.extract: Wrote 188800 total row(s) to run_data_malawi\extracts\LMIS_MW_HIV_hist_auto.csv and run_data_malawi\extracts\LMIS_MW_HIV_hist.xlsx
2026-09-28 19:42:25 INFO     __main__: Upserted period Aug2025 into master files at (WindowsPath('run_data_malawi/extracts/LMIS_MW_HIV_hist.xlsx'), WindowsPath('run_data_malawi/extracts/LMIS_MW_HIV_hist_auto.csv'))
2026-09-28 19:42:25 INFO     __main__: === Period: Sep2025 ===
2026-09-28 19:42:25 INFO     lmis_pipeline.malawi_scraper: Opening Reports dropdown
2026-09-28 19:42:25 INFO     lmis_pipeline.malawi_scraper: Clicking View Reports
2026-09-28 19:42:25 INFO     lmis_pipeline.malawi_scraper: Selecting LMIS Summary by facility
2026-09-28 19:42:25 INFO     lmis_pipeline.malawi_scraper: Selecting Program Name: HIV
2026-09-28 19:42:27 INFO     lmis_pipeline.malawi_scraper: Selecting Period Name: Sep2025
2026-09-28 19:42:27 INFO     lmis_pipeline.malawi_scraper: Selecting xlsx format
2026-09-28 19:42:28 INFO     lmis_pipeline.malawi_scraper: Clicking Generate and waiting for the file
2026-09-28 19:42:48 INFO     lmis_pipeline.malawi_scraper: Saved downloaded results to run_data_malawi\downloads\20260928T194247_lmis_summary_by_facility_hiv_sep2025.xlsx
2026-09-28 19:43:00 INFO     __main__: Staged raw download (as CSV) to run_data_malawi\landing\LMIS_MW_01-09-2025.csv
2026-09-28 19:43:00 INFO     __main__: Staged raw download for Sep2025 to run_data_malawi\landing\LMIS_MW_01-09-2025.csv
2026-09-28 19:43:12 INFO     __main__: Parsed 14174 rows, 17 columns (incl. Period) from run_data_malawi\downloads\20260928T194247_lmis_summary_by_facility_hiv_sep2025.xlsx
2026-09-28 19:43:12 INFO     lmis_pipeline.product_matching: Filtered to master product list: 14174 row(s) -> 9602 row(s) kept (33 of 49 distinct product name(s) matched)
2026-09-28 19:43:12 INFO     lmis_pipeline.product_matching: Dropped 16 distinct product name(s) with no confident match: ['Alere Finger Stick Sample collection kit, 100 tst', 'Cryptococcal Antigen (CrAg LFA), Kit of 50', 'DBS Bundles, 70 microlitre, Pack of 50 Tests', 'Determine Syphilis, Rapid Diagnostic Test (RDT)', 'Entecavir 0.5mg tablets, 30 tablets', 'Heparin Sodium inj 5000IU/ml', 'Hepatitis B HBsAg rapid test SD Bioline, Kit of 30 Tests', 'Hepatitis C rapid test Bioline HCV, Kit of 30 Tests', 'Isoniazid/Rifapentin 300/300mg', 'Nevirapine (NVP syrup with syringe), 10mg/ml, bottle of 100mls with syringe', 'Paclitaxel 6mg/ml inj, 5ml (30mg),', 'Pima catridges for CD4 Count, 100s', 'Raltegravir (RAL),100mg, pack of 60 tablets', 'Rifapentin 150mg tablets', 'SD Bioline, Syphilis test kits, Kit of 30 Tests', 'Unigold HIV test kits, Kit of 20 Tests']
2026-09-28 19:44:38 INFO     lmis_pipeline.extract: Upsert: 188800 existing + 9602 new rows -> 198402 after dedup on ['Facility Code', 'Product Code', 'Period'] (0 row(s) updated in place)
2026-09-28 19:46:55 INFO     lmis_pipeline.extract: Wrote 198402 total row(s) to run_data_malawi\extracts\LMIS_MW_HIV_hist_auto.csv and run_data_malawi\extracts\LMIS_MW_HIV_hist.xlsx
2026-09-28 19:46:55 INFO     __main__: Upserted period Sep2025 into master files at (WindowsPath('run_data_malawi/extracts/LMIS_MW_HIV_hist.xlsx'), WindowsPath('run_data_malawi/extracts/LMIS_MW_HIV_hist_auto.csv'))
2026-09-28 19:46:55 INFO     __main__: === Period: Oct2025 ===
2026-09-28 19:46:55 INFO     lmis_pipeline.malawi_scraper: Opening Reports dropdown
2026-09-28 19:46:55 INFO     lmis_pipeline.malawi_scraper: Clicking View Reports
2026-09-28 19:46:56 INFO     lmis_pipeline.malawi_scraper: Selecting LMIS Summary by facility
2026-09-28 19:46:56 INFO     lmis_pipeline.malawi_scraper: Selecting Program Name: HIV
2026-09-28 19:46:57 INFO     lmis_pipeline.malawi_scraper: Selecting Period Name: Oct2025
2026-09-28 19:46:58 INFO     lmis_pipeline.malawi_scraper: Selecting xlsx format
2026-09-28 19:46:58 INFO     lmis_pipeline.malawi_scraper: Clicking Generate and waiting for the file
2026-09-28 19:47:20 INFO     lmis_pipeline.malawi_scraper: Saved downloaded results to run_data_malawi\downloads\20260928T194719_lmis_summary_by_facility_hiv_oct2025.xlsx
2026-09-28 19:47:33 INFO     __main__: Staged raw download (as CSV) to run_data_malawi\landing\LMIS_MW_01-10-2025.csv
2026-09-28 19:47:33 INFO     __main__: Staged raw download for Oct2025 to run_data_malawi\landing\LMIS_MW_01-10-2025.csv
2026-09-28 19:47:44 INFO     __main__: Parsed 14432 rows, 17 columns (incl. Period) from run_data_malawi\downloads\20260928T194719_lmis_summary_by_facility_hiv_oct2025.xlsx
2026-09-28 19:47:44 INFO     lmis_pipeline.product_matching: Filtered to master product list: 14432 row(s) -> 9760 row(s) kept (33 of 49 distinct product name(s) matched)
2026-09-28 19:47:44 INFO     lmis_pipeline.product_matching: Dropped 16 distinct product name(s) with no confident match: ['Alere Finger Stick Sample collection kit, 100 tst', 'Cryptococcal Antigen (CrAg LFA), Kit of 50', 'DBS Bundles, 70 microlitre, Pack of 50 Tests', 'Determine Syphilis, Rapid Diagnostic Test (RDT)', 'Entecavir 0.5mg tablets, 30 tablets', 'Heparin Sodium inj 5000IU/ml', 'Hepatitis B HBsAg rapid test SD Bioline, Kit of 30 Tests', 'Hepatitis C rapid test Bioline HCV, Kit of 30 Tests', 'Isoniazid/Rifapentin 300/300mg', 'Nevirapine (NVP syrup with syringe), 10mg/ml, bottle of 100mls with syringe', 'Paclitaxel 6mg/ml inj, 5ml (30mg),', 'Pima catridges for CD4 Count, 100s', 'Raltegravir (RAL),100mg, pack of 60 tablets', 'Rifapentin 150mg tablets', 'SD Bioline, Syphilis test kits, Kit of 30 Tests', 'Unigold HIV test kits, Kit of 20 Tests']
2026-09-28 19:49:08 INFO     lmis_pipeline.extract: Upsert: 198402 existing + 9760 new rows -> 208162 after dedup on ['Facility Code', 'Product Code', 'Period'] (0 row(s) updated in place)
2026-09-28 19:51:02 INFO     lmis_pipeline.extract: Wrote 208162 total row(s) to run_data_malawi\extracts\LMIS_MW_HIV_hist_auto.csv and run_data_malawi\extracts\LMIS_MW_HIV_hist.xlsx
2026-09-28 19:51:02 INFO     __main__: Upserted period Oct2025 into master files at (WindowsPath('run_data_malawi/extracts/LMIS_MW_HIV_hist.xlsx'), WindowsPath('run_data_malawi/extracts/LMIS_MW_HIV_hist_auto.csv'))
2026-09-28 19:51:02 INFO     __main__: === Period: Nov2025 ===
2026-09-28 19:51:02 INFO     lmis_pipeline.malawi_scraper: Opening Reports dropdown
2026-09-28 19:51:02 INFO     lmis_pipeline.malawi_scraper: Clicking View Reports
2026-09-28 19:51:02 INFO     lmis_pipeline.malawi_scraper: Selecting LMIS Summary by facility
2026-09-28 19:51:03 INFO     lmis_pipeline.malawi_scraper: Selecting Program Name: HIV
2026-09-28 19:51:04 INFO     lmis_pipeline.malawi_scraper: Selecting Period Name: Nov2025
2026-09-28 19:51:05 INFO     lmis_pipeline.malawi_scraper: Selecting xlsx format
2026-09-28 19:51:05 INFO     lmis_pipeline.malawi_scraper: Clicking Generate and waiting for the file
2026-09-28 19:51:25 INFO     lmis_pipeline.malawi_scraper: Saved downloaded results to run_data_malawi\downloads\20260928T195125_lmis_summary_by_facility_hiv_nov2025.xlsx
2026-09-28 19:51:32 INFO     __main__: Staged raw download (as CSV) to run_data_malawi\landing\LMIS_MW_01-11-2025.csv
2026-09-28 19:51:32 INFO     __main__: Staged raw download for Nov2025 to run_data_malawi\landing\LMIS_MW_01-11-2025.csv
2026-09-28 19:51:39 INFO     __main__: Parsed 14271 rows, 17 columns (incl. Period) from run_data_malawi\downloads\20260928T195125_lmis_summary_by_facility_hiv_nov2025.xlsx
2026-09-28 19:51:39 INFO     lmis_pipeline.product_matching: Filtered to master product list: 14271 row(s) -> 9699 row(s) kept (33 of 49 distinct product name(s) matched)
2026-09-28 19:51:39 INFO     lmis_pipeline.product_matching: Dropped 16 distinct product name(s) with no confident match: ['Alere Finger Stick Sample collection kit, 100 tst', 'Cryptococcal Antigen (CrAg LFA), Kit of 50', 'DBS Bundles, 70 microlitre, Pack of 50 Tests', 'Determine Syphilis, Rapid Diagnostic Test (RDT)', 'Entecavir 0.5mg tablets, 30 tablets', 'Heparin Sodium inj 5000IU/ml', 'Hepatitis B HBsAg rapid test SD Bioline, Kit of 30 Tests', 'Hepatitis C rapid test Bioline HCV, Kit of 30 Tests', 'Isoniazid/Rifapentin 300/300mg', 'Nevirapine (NVP syrup with syringe), 10mg/ml, bottle of 100mls with syringe', 'Paclitaxel 6mg/ml inj, 5ml (30mg),', 'Pima catridges for CD4 Count, 100s', 'Raltegravir (RAL),100mg, pack of 60 tablets', 'Rifapentin 150mg tablets', 'SD Bioline, Syphilis test kits, Kit of 30 Tests', 'Unigold HIV test kits, Kit of 20 Tests']
2026-09-28 19:52:37 INFO     lmis_pipeline.extract: Upsert: 208162 existing + 9699 new rows -> 217861 after dedup on ['Facility Code', 'Product Code', 'Period'] (0 row(s) updated in place)
2026-09-28 19:54:16 INFO     lmis_pipeline.extract: Wrote 217861 total row(s) to run_data_malawi\extracts\LMIS_MW_HIV_hist_auto.csv and run_data_malawi\extracts\LMIS_MW_HIV_hist.xlsx
2026-09-28 19:54:16 INFO     __main__: Upserted period Nov2025 into master files at (WindowsPath('run_data_malawi/extracts/LMIS_MW_HIV_hist.xlsx'), WindowsPath('run_data_malawi/extracts/LMIS_MW_HIV_hist_auto.csv'))
2026-09-28 19:54:16 INFO     __main__: === Period: Dec2025 ===
2026-09-28 19:54:16 INFO     lmis_pipeline.malawi_scraper: Opening Reports dropdown
2026-09-28 19:54:16 INFO     lmis_pipeline.malawi_scraper: Clicking View Reports
2026-09-28 19:54:16 INFO     lmis_pipeline.malawi_scraper: Selecting LMIS Summary by facility
2026-09-28 19:54:17 INFO     lmis_pipeline.malawi_scraper: Selecting Program Name: HIV
2026-09-28 19:54:19 INFO     lmis_pipeline.malawi_scraper: Selecting Period Name: Dec2025
2026-09-28 19:54:20 INFO     lmis_pipeline.malawi_scraper: Selecting xlsx format
2026-09-28 19:54:20 INFO     lmis_pipeline.malawi_scraper: Clicking Generate and waiting for the file
2026-09-28 19:54:44 INFO     lmis_pipeline.malawi_scraper: Saved downloaded results to run_data_malawi\downloads\20260928T195440_lmis_summary_by_facility_hiv_dec2025.xlsx
2026-09-28 19:54:57 INFO     __main__: Staged raw download (as CSV) to run_data_malawi\landing\LMIS_MW_01-12-2025.csv
2026-09-28 19:54:57 INFO     __main__: Staged raw download for Dec2025 to run_data_malawi\landing\LMIS_MW_01-12-2025.csv
2026-09-28 19:55:11 INFO     __main__: Parsed 14403 rows, 17 columns (incl. Period) from run_data_malawi\downloads\20260928T195440_lmis_summary_by_facility_hiv_dec2025.xlsx
2026-09-28 19:55:11 INFO     lmis_pipeline.product_matching: Filtered to master product list: 14403 row(s) -> 9754 row(s) kept (39 of 55 distinct product name(s) matched)
2026-09-28 19:55:11 INFO     lmis_pipeline.product_matching: Dropped 16 distinct product name(s) with no confident match: ['Alere Finger Stick Sample collection kit, 100 tst', 'Cryptococcal Antigen (CrAg LFA), Kit of 50', 'DBS Bundles, 70 microlitre, Pack of 50 Tests', 'Determine Syphilis, Rapid Diagnostic Test (RDT)', 'Entecavir 0.5mg tablets, 30 tablets', 'Heparin Sodium inj 5000IU/ml', 'Hepatitis B HBsAg rapid test SD Bioline, Kit of 30 Tests', 'Hepatitis C rapid test Bioline HCV, Kit of 30 Tests', 'Isoniazid/Rifapentin 300/300mg', 'Nevirapine (NVP syrup with syringe), 10mg/ml, bottle of 100mls with syringe', 'Paclitaxel 6mg/ml inj, 5ml (30mg),', 'Pima catridges for CD4 Count, 100s', 'Raltegravir (RAL),100mg, pack of 60 tablets', 'Rifapentin 150mg tablets', 'SD Bioline, Syphilis test kits, Kit of 30 Tests', 'Unigold HIV test kits, Kit of 20 Tests']
2026-09-28 19:56:50 INFO     lmis_pipeline.extract: Upsert: 217861 existing + 9754 new rows -> 227615 after dedup on ['Facility Code', 'Product Code', 'Period'] (0 row(s) updated in place)
2026-09-28 19:58:56 INFO     lmis_pipeline.extract: Wrote 227615 total row(s) to run_data_malawi\extracts\LMIS_MW_HIV_hist_auto.csv and run_data_malawi\extracts\LMIS_MW_HIV_hist.xlsx
2026-09-28 19:58:56 INFO     __main__: Upserted period Dec2025 into master files at (WindowsPath('run_data_malawi/extracts/LMIS_MW_HIV_hist.xlsx'), WindowsPath('run_data_malawi/extracts/LMIS_MW_HIV_hist_auto.csv'))
2026-09-28 19:58:56 INFO     __main__: === Period: Jan2026 ===
2026-09-28 19:58:56 INFO     lmis_pipeline.malawi_scraper: Opening Reports dropdown
2026-09-28 19:58:56 INFO     lmis_pipeline.malawi_scraper: Clicking View Reports
2026-09-28 19:58:56 INFO     lmis_pipeline.malawi_scraper: Selecting LMIS Summary by facility
2026-09-28 19:58:57 INFO     lmis_pipeline.malawi_scraper: Selecting Program Name: HIV
2026-09-28 19:58:58 INFO     lmis_pipeline.malawi_scraper: Selecting Period Name: Jan2026
2026-09-28 19:58:59 INFO     lmis_pipeline.malawi_scraper: Selecting xlsx format
2026-09-28 19:58:59 INFO     lmis_pipeline.malawi_scraper: Clicking Generate and waiting for the file
2026-09-28 19:59:21 INFO     lmis_pipeline.malawi_scraper: Saved downloaded results to run_data_malawi\downloads\20260928T195919_lmis_summary_by_facility_hiv_jan2026.xlsx
2026-09-28 19:59:33 INFO     __main__: Staged raw download (as CSV) to run_data_malawi\landing\LMIS_MW_01-01-2026.csv
2026-09-28 19:59:33 INFO     __main__: Staged raw download for Jan2026 to run_data_malawi\landing\LMIS_MW_01-01-2026.csv
2026-09-28 19:59:45 INFO     __main__: Parsed 14474 rows, 17 columns (incl. Period) from run_data_malawi\downloads\20260928T195919_lmis_summary_by_facility_hiv_jan2026.xlsx
2026-09-28 19:59:45 INFO     lmis_pipeline.product_matching: Filtered to master product list: 14474 row(s) -> 9820 row(s) kept (43 of 61 distinct product name(s) matched)
2026-09-28 19:59:45 INFO     lmis_pipeline.product_matching: Dropped 18 distinct product name(s) with no confident match: ['Alere Finger Stick Sample collection kit, 100 tst', 'Cryptococcal Antigen (CrAg LFA), Kit of 50', 'DBS Bundles, 70 microlitre, Pack of 50 Tests', 'Determine Syphilis, Rapid Diagnostic Test (RDT)', 'Entecavir 0.5mg tablets, 30 tablets', 'Heparin Sodium inj 5000IU/ml', 'Hepatitis B HBsAg rapid test SD Bioline, Kit of 30 Tests', 'Hepatitis C rapid test Bioline HCV, Kit of 30 Tests', 'Isoniazid/Rifapentin 300/300mg', 'Isoniazid/Rifapentine\xa0300/300mg pack of 36 tablets', 'Nevirapine (NVP syrup with syringe), 10mg/ml, bottle of 100mls with syringe', 'Paclitaxel 6mg/ml inj, 5ml (30mg),', 'Pima catridges for CD4 Count, 100s', 'Raltegravir (RAL),100mg, pack of 60 tablets', 'Rifapentin 150mg tablets', 'SD Bioline, Syphilis test kits, Kit of 30 Tests', 'Unigold HIV test kits, Kit of 20 Tests', 'Visitect CD4 + T cells Advanced Disease Rapid tests, 25 tests']
2026-09-28 20:00:55 INFO     lmis_pipeline.extract: Upsert: 227615 existing + 9820 new rows -> 237435 after dedup on ['Facility Code', 'Product Code', 'Period'] (0 row(s) updated in place)
2026-09-28 20:02:13 INFO     lmis_pipeline.extract: Wrote 237435 total row(s) to run_data_malawi\extracts\LMIS_MW_HIV_hist_auto.csv and run_data_malawi\extracts\LMIS_MW_HIV_hist.xlsx
2026-09-28 20:02:13 INFO     __main__: Upserted period Jan2026 into master files at (WindowsPath('run_data_malawi/extracts/LMIS_MW_HIV_hist.xlsx'), WindowsPath('run_data_malawi/extracts/LMIS_MW_HIV_hist_auto.csv'))
2026-09-28 20:02:13 INFO     __main__: === Period: Feb2026 ===
2026-09-28 20:02:13 INFO     lmis_pipeline.malawi_scraper: Opening Reports dropdown
2026-09-28 20:02:13 INFO     lmis_pipeline.malawi_scraper: Clicking View Reports
2026-09-28 20:02:13 INFO     lmis_pipeline.malawi_scraper: Selecting LMIS Summary by facility
2026-09-28 20:02:13 INFO     lmis_pipeline.malawi_scraper: Selecting Program Name: HIV
2026-09-28 20:02:15 INFO     lmis_pipeline.malawi_scraper: Selecting Period Name: Feb2026
2026-09-28 20:02:16 INFO     lmis_pipeline.malawi_scraper: Selecting xlsx format
2026-09-28 20:02:16 INFO     lmis_pipeline.malawi_scraper: Clicking Generate and waiting for the file
2026-09-28 20:02:37 INFO     lmis_pipeline.malawi_scraper: Saved downloaded results to run_data_malawi\downloads\20260928T200235_lmis_summary_by_facility_hiv_feb2026.xlsx
2026-09-28 20:02:43 INFO     __main__: Staged raw download (as CSV) to run_data_malawi\landing\LMIS_MW_01-02-2026.csv
2026-09-28 20:02:43 INFO     __main__: Staged raw download for Feb2026 to run_data_malawi\landing\LMIS_MW_01-02-2026.csv
2026-09-28 20:02:49 INFO     __main__: Parsed 14370 rows, 17 columns (incl. Period) from run_data_malawi\downloads\20260928T200235_lmis_summary_by_facility_hiv_feb2026.xlsx
2026-09-28 20:02:49 INFO     lmis_pipeline.product_matching: Filtered to master product list: 14370 row(s) -> 9710 row(s) kept (45 of 64 distinct product name(s) matched)
2026-09-28 20:02:49 INFO     lmis_pipeline.product_matching: Dropped 19 distinct product name(s) with no confident match: ['Alere Finger Stick Sample collection kit, 100 tst', 'Cryptococcal Antigen (CrAg LFA), Kit of 50', 'DBS Bundles, 70 microlitre, Pack of 50 Tests', 'Determine Hepatitis B tests, pack of 100 tests', 'Determine Syphilis, Rapid Diagnostic Test (RDT)', 'Entecavir 0.5mg tablets, 30 tablets', 'Heparin Sodium inj 5000IU/ml', 'Hepatitis B HBsAg rapid test SD Bioline, Kit of 30 Tests', 'Hepatitis C rapid test Bioline HCV, Kit of 30 Tests', 'Isoniazid/Rifapentin 300/300mg', 'Isoniazid/Rifapentine\xa0300/300mg pack of 36 tablets', 'Nevirapine (NVP syrup with syringe), 10mg/ml, bottle of 100mls with syringe', 'Paclitaxel 6mg/ml inj, 5ml (30mg),', 'Pima catridges for CD4 Count, 100s', 'Raltegravir (RAL),100mg, pack of 60 tablets', 'Rifapentin 150mg tablets', 'SD Bioline, Syphilis test kits, Kit of 30 Tests', 'Unigold HIV test kits, Kit of 20 Tests', 'Visitect CD4 + T cells Advanced Disease Rapid tests, 25 tests']
2026-09-28 20:03:36 INFO     lmis_pipeline.extract: Upsert: 237435 existing + 9710 new rows -> 247145 after dedup on ['Facility Code', 'Product Code', 'Period'] (0 row(s) updated in place)
2026-09-28 20:05:01 INFO     lmis_pipeline.extract: Wrote 247145 total row(s) to run_data_malawi\extracts\LMIS_MW_HIV_hist_auto.csv and run_data_malawi\extracts\LMIS_MW_HIV_hist.xlsx
2026-09-28 20:05:01 INFO     __main__: Upserted period Feb2026 into master files at (WindowsPath('run_data_malawi/extracts/LMIS_MW_HIV_hist.xlsx'), WindowsPath('run_data_malawi/extracts/LMIS_MW_HIV_hist_auto.csv'))
2026-09-28 20:05:01 INFO     __main__: === Period: Mar2026 ===
2026-09-28 20:05:01 INFO     lmis_pipeline.malawi_scraper: Opening Reports dropdown
2026-09-28 20:05:01 INFO     lmis_pipeline.malawi_scraper: Clicking View Reports
2026-09-28 20:05:01 INFO     lmis_pipeline.malawi_scraper: Selecting LMIS Summary by facility
2026-09-28 20:05:01 INFO     lmis_pipeline.malawi_scraper: Selecting Program Name: HIV
2026-09-28 20:05:03 INFO     lmis_pipeline.malawi_scraper: Selecting Period Name: Mar2026
2026-09-28 20:05:03 INFO     lmis_pipeline.malawi_scraper: Selecting xlsx format
2026-09-28 20:05:03 INFO     lmis_pipeline.malawi_scraper: Clicking Generate and waiting for the file
2026-09-28 20:05:25 INFO     lmis_pipeline.malawi_scraper: Saved downloaded results to run_data_malawi\downloads\20260928T200524_lmis_summary_by_facility_hiv_mar2026.xlsx
2026-09-28 20:05:32 INFO     __main__: Staged raw download (as CSV) to run_data_malawi\landing\LMIS_MW_01-03-2026.csv
2026-09-28 20:05:32 INFO     __main__: Staged raw download for Mar2026 to run_data_malawi\landing\LMIS_MW_01-03-2026.csv
2026-09-28 20:05:38 INFO     __main__: Parsed 14421 rows, 17 columns (incl. Period) from run_data_malawi\downloads\20260928T200524_lmis_summary_by_facility_hiv_mar2026.xlsx
2026-09-28 20:05:38 INFO     lmis_pipeline.product_matching: Filtered to master product list: 14421 row(s) -> 9660 row(s) kept (49 of 68 distinct product name(s) matched)
2026-09-28 20:05:38 INFO     lmis_pipeline.product_matching: Dropped 19 distinct product name(s) with no confident match: ['Alere Finger Stick Sample collection kit, 100 tst', 'Cryptococcal Antigen (CrAg LFA), Kit of 50', 'DBS Bundles, 70 microlitre, Pack of 50 Tests', 'Determine Hepatitis B tests, pack of 100 tests', 'Determine Syphilis pack of 100 tests', 'Determine Syphilis, Rapid Diagnostic Test (RDT)', 'Entecavir 0.5mg tablets, 30 tablets', 'Heparin Sodium inj 5000IU/ml', 'Hepatitis B HBsAg rapid test SD Bioline, Kit of 30 Tests', 'Hepatitis C rapid test Bioline HCV, Kit of 30 Tests', 'Isoniazid/Rifapentin 300/300mg', 'Isoniazid/Rifapentine\xa0300/300mg pack of 36 tablets', 'Nevirapine (NVP syrup with syringe), 10mg/ml, bottle of 100mls with syringe', 'Paclitaxel 6mg/ml inj, 5ml (30mg),', 'Pima catridges for CD4 Count, 100s', 'Rifapentin 150mg tablets', 'SD Bioline, Syphilis test kits, Kit of 30 Tests', 'Unigold HIV test kits, Kit of 20 Tests', 'Visitect CD4 + T cells Advanced Disease Rapid tests, 25 tests']
2026-09-28 20:06:26 INFO     lmis_pipeline.extract: Upsert: 247145 existing + 9660 new rows -> 256805 after dedup on ['Facility Code', 'Product Code', 'Period'] (0 row(s) updated in place)
2026-09-28 20:07:50 INFO     lmis_pipeline.extract: Wrote 256805 total row(s) to run_data_malawi\extracts\LMIS_MW_HIV_hist_auto.csv and run_data_malawi\extracts\LMIS_MW_HIV_hist.xlsx
2026-09-28 20:07:50 INFO     __main__: Upserted period Mar2026 into master files at (WindowsPath('run_data_malawi/extracts/LMIS_MW_HIV_hist.xlsx'), WindowsPath('run_data_malawi/extracts/LMIS_MW_HIV_hist_auto.csv'))
2026-09-28 20:07:50 INFO     __main__: === Period: Apr2026 ===
2026-09-28 20:07:50 INFO     lmis_pipeline.malawi_scraper: Opening Reports dropdown
2026-09-28 20:07:50 INFO     lmis_pipeline.malawi_scraper: Clicking View Reports
2026-09-28 20:07:50 INFO     lmis_pipeline.malawi_scraper: Selecting LMIS Summary by facility
2026-09-28 20:07:50 INFO     lmis_pipeline.malawi_scraper: Selecting Program Name: HIV
2026-09-28 20:07:51 INFO     lmis_pipeline.malawi_scraper: Selecting Period Name: Apr2026
2026-09-28 20:07:52 INFO     lmis_pipeline.malawi_scraper: Selecting xlsx format
2026-09-28 20:07:52 INFO     lmis_pipeline.malawi_scraper: Clicking Generate and waiting for the file
2026-09-28 20:08:13 INFO     lmis_pipeline.malawi_scraper: Saved downloaded results to run_data_malawi\downloads\20260928T200812_lmis_summary_by_facility_hiv_apr2026.xlsx
2026-09-28 20:08:20 INFO     __main__: Staged raw download (as CSV) to run_data_malawi\landing\LMIS_MW_01-04-2026.csv
2026-09-28 20:08:20 INFO     __main__: Staged raw download for Apr2026 to run_data_malawi\landing\LMIS_MW_01-04-2026.csv
2026-09-28 20:08:27 INFO     __main__: Parsed 14524 rows, 17 columns (incl. Period) from run_data_malawi\downloads\20260928T200812_lmis_summary_by_facility_hiv_apr2026.xlsx
2026-09-28 20:08:27 INFO     lmis_pipeline.product_matching: Filtered to master product list: 14524 row(s) -> 9800 row(s) kept (52 of 71 distinct product name(s) matched)
2026-09-28 20:08:27 INFO     lmis_pipeline.product_matching: Dropped 19 distinct product name(s) with no confident match: ['Alere Finger Stick Sample collection kit, 100 tst', 'Cryptococcal Antigen (CrAg LFA), Kit of 50', 'DBS Bundles, 70 microlitre, Pack of 50 Tests', 'Determine Hepatitis B tests, pack of 100 tests', 'Determine Syphilis pack of 100 tests', 'Determine Syphilis, Rapid Diagnostic Test (RDT)', 'Entecavir 0.5mg tablets, 30 tablets', 'Heparin Sodium inj 5000IU/ml', 'Hepatitis B HBsAg rapid test SD Bioline, Kit of 30 Tests', 'Hepatitis C rapid test Bioline HCV, Kit of 30 Tests', 'Isoniazid/Rifapentin 300/300mg', 'Isoniazid/Rifapentine\xa0300/300mg pack of 36 tablets', 'Nevirapine (NVP syrup with syringe), 10mg/ml, bottle of 100mls with syringe', 'Paclitaxel 6mg/ml inj, 5ml (30mg),', 'Pima catridges for CD4 Count, 100s', 'Rifapentin 150mg tablets', 'SD Bioline, Syphilis test kits, Kit of 30 Tests', 'Unigold HIV test kits, Kit of 20 Tests', 'Visitect CD4 + T cells Advanced Disease Rapid tests, 25 tests']
2026-09-28 20:09:18 INFO     lmis_pipeline.extract: Upsert: 256805 existing + 9800 new rows -> 266605 after dedup on ['Facility Code', 'Product Code', 'Period'] (0 row(s) updated in place)
2026-09-28 20:11:01 INFO     lmis_pipeline.extract: Wrote 266605 total row(s) to run_data_malawi\extracts\LMIS_MW_HIV_hist_auto.csv and run_data_malawi\extracts\LMIS_MW_HIV_hist.xlsx
2026-09-28 20:11:01 INFO     __main__: Upserted period Apr2026 into master files at (WindowsPath('run_data_malawi/extracts/LMIS_MW_HIV_hist.xlsx'), WindowsPath('run_data_malawi/extracts/LMIS_MW_HIV_hist_auto.csv'))
2026-09-28 20:11:01 INFO     __main__: === Period: May2026 ===
2026-09-28 20:11:01 INFO     lmis_pipeline.malawi_scraper: Opening Reports dropdown
2026-09-28 20:11:02 INFO     lmis_pipeline.malawi_scraper: Clicking View Reports
2026-09-28 20:11:02 INFO     lmis_pipeline.malawi_scraper: Selecting LMIS Summary by facility
2026-09-28 20:11:02 INFO     lmis_pipeline.malawi_scraper: Selecting Program Name: HIV
2026-09-28 20:11:03 INFO     lmis_pipeline.malawi_scraper: Selecting Period Name: May2026
2026-09-28 20:11:04 INFO     lmis_pipeline.malawi_scraper: Selecting xlsx format
2026-09-28 20:11:04 INFO     lmis_pipeline.malawi_scraper: Clicking Generate and waiting for the file
2026-09-28 20:11:25 INFO     lmis_pipeline.malawi_scraper: Saved downloaded results to run_data_malawi\downloads\20260928T201124_lmis_summary_by_facility_hiv_may2026.xlsx
2026-09-28 20:11:33 INFO     __main__: Staged raw download (as CSV) to run_data_malawi\landing\LMIS_MW_01-05-2026.csv
2026-09-28 20:11:33 INFO     __main__: Staged raw download for May2026 to run_data_malawi\landing\LMIS_MW_01-05-2026.csv
2026-09-28 20:11:40 INFO     __main__: Parsed 13789 rows, 17 columns (incl. Period) from run_data_malawi\downloads\20260928T201124_lmis_summary_by_facility_hiv_may2026.xlsx
2026-09-28 20:11:40 INFO     lmis_pipeline.product_matching: Filtered to master product list: 13789 row(s) -> 10786 row(s) kept (28 of 38 distinct product name(s) matched)
2026-09-28 20:11:40 INFO     lmis_pipeline.product_matching: Dropped 10 distinct product name(s) with no confident match: ['Cryptococcal Antigen (CrAg LFA), Kit of 50', 'DBS Bundles, 70 microlitre, Pack of 50 Tests', 'Determine Hepatitis B tests, pack of 100 tests', 'Determine Syphilis pack of 100 tests', 'Entecavir 0.5mg tablets, 30 tablets', 'Hepatitis C rapid test Bioline HCV, Kit', 'Isoniazid/Rifapentine\xa0300/300mg pack of 36 tablets', 'Paclitaxel 6mg/ml inj 50ml (300mg), vials', 'Pima catridges for CD4 Count, 100s', 'Visitect CD4 + T cells Advanced Disease Rapid tests, 25 tests']
2026-09-28 20:12:53 INFO     lmis_pipeline.extract: Upsert: 266605 existing + 10786 new rows -> 277391 after dedup on ['Facility Code', 'Product Code', 'Period'] (0 row(s) updated in place)
2026-09-28 20:14:45 INFO     lmis_pipeline.extract: Wrote 277391 total row(s) to run_data_malawi\extracts\LMIS_MW_HIV_hist_auto.csv and run_data_malawi\extracts\LMIS_MW_HIV_hist.xlsx
2026-09-28 20:14:45 INFO     __main__: Upserted period May2026 into master files at (WindowsPath('run_data_malawi/extracts/LMIS_MW_HIV_hist.xlsx'), WindowsPath('run_data_malawi/extracts/LMIS_MW_HIV_hist_auto.csv'))
