2026-09-11 18:25:02 INFO     __main__: Logging this run to run_data_malawi\logs\pipeline_20260911_182502.log
2026-09-11 18:25:02 INFO     __main__: Will generate the report for 4 period(s): ['Jun2026', 'Jul2026', 'Aug2026', 'Sep2026']
2026-09-11 18:25:16 INFO     lmis_pipeline.scraper_base: Found saved session state at run_data_malawi\storage_state.json
2026-09-11 18:25:17 INFO     lmis_pipeline.scraper_base: Applied playwright-stealth evasions to browser context
2026-09-11 18:25:17 INFO     lmis_pipeline.malawi_scraper: Verifying saved session is still valid
2026-09-11 18:25:26 INFO     lmis_pipeline.malawi_scraper: Saved session is no longer valid - logging in fresh
2026-09-11 18:25:26 INFO     lmis_pipeline.malawi_scraper: Navigating to Malawi LMIS
2026-09-11 18:25:31 INFO     lmis_pipeline.malawi_scraper: Entering username
2026-09-11 18:25:31 INFO     lmis_pipeline.malawi_scraper: Entering password
2026-09-11 18:25:31 INFO     lmis_pipeline.malawi_scraper: Submitting login form
2026-09-11 18:25:33 INFO     lmis_pipeline.malawi_scraper: Dismissing weak-password warning modal
2026-09-11 18:25:41 INFO     lmis_pipeline.malawi_scraper: Login successful
2026-09-11 18:25:41 INFO     lmis_pipeline.malawi_scraper: Saved session state to run_data_malawi\storage_state.json
2026-09-11 18:25:41 INFO     __main__: === Period: Jun2026 ===
2026-09-11 18:25:41 INFO     lmis_pipeline.malawi_scraper: Opening Reports dropdown
2026-09-11 18:25:41 INFO     lmis_pipeline.malawi_scraper: Clicking View Reports
2026-09-11 18:25:41 INFO     lmis_pipeline.malawi_scraper: Selecting LMIS Summary by facility
2026-09-11 18:25:42 INFO     lmis_pipeline.malawi_scraper: Selecting Program Name: Reproductive Health
2026-09-11 18:25:45 INFO     lmis_pipeline.malawi_scraper: Selecting Period Name: Jun2026
2026-09-11 18:25:45 INFO     lmis_pipeline.malawi_scraper: Selecting xlsx format
2026-09-11 18:25:45 INFO     lmis_pipeline.malawi_scraper: Clicking Generate and waiting for the file
2026-09-11 18:25:59 INFO     lmis_pipeline.malawi_scraper: Saved downloaded results to run_data_malawi\downloads\20260911T182557_lmis_summary_by_facility_reproductive_health_jun2026.xlsx
2026-09-11 18:25:59 INFO     lmis_pipeline.landing: Staged raw download to run_data_malawi\landing\lmis_mw_raw_20260911T182559.xlsx
2026-09-11 18:25:59 INFO     __main__: Staged raw download for Jun2026 to run_data_malawi\landing\lmis_mw_raw_20260911T182559.xlsx
2026-09-11 18:26:05 INFO     __main__: Parsed 6210 rows, 18 columns (incl. Period) from run_data_malawi\downloads\20260911T182557_lmis_summary_by_facility_reproductive_health_jun2026.xlsx
2026-09-11 18:26:05 WARNING  __main__: Validation failed - missing columns: ['Província', 'Código da instalação', 'Nome da instalação', 'Código do produto', 'Nome do produto', 'Período de análise']
2026-09-11 18:26:14 WARNING  lmis_pipeline.extract: dedup_key ['Facility Code', 'Product Code', 'Period'] not fully present in both existing and new data - appending without dedup instead of upserting
2026-09-11 18:26:39 INFO     __main__: Upserted period Jun2026 into master workbook at run_data_malawi\extracts\lmis_mw_master.xlsx
2026-09-11 18:26:39 INFO     __main__: === Period: Jul2026 ===
2026-09-11 18:26:39 INFO     lmis_pipeline.malawi_scraper: Opening Reports dropdown
2026-09-11 18:26:40 INFO     lmis_pipeline.malawi_scraper: Clicking View Reports
2026-09-11 18:26:40 INFO     lmis_pipeline.malawi_scraper: Selecting LMIS Summary by facility
2026-09-11 18:26:40 INFO     lmis_pipeline.malawi_scraper: Selecting Program Name: Reproductive Health
2026-09-11 18:26:42 INFO     lmis_pipeline.malawi_scraper: Selecting Period Name: Jul2026
2026-09-11 18:26:43 INFO     lmis_pipeline.malawi_scraper: Selecting xlsx format
2026-09-11 18:26:43 INFO     lmis_pipeline.malawi_scraper: Clicking Generate and waiting for the file
2026-09-11 18:26:55 INFO     lmis_pipeline.malawi_scraper: Saved downloaded results to run_data_malawi\downloads\20260911T182655_lmis_summary_by_facility_reproductive_health_jul2026.xlsx
2026-09-11 18:26:55 INFO     lmis_pipeline.landing: Staged raw download to run_data_malawi\landing\lmis_mw_raw_20260911T182655.xlsx
2026-09-11 18:26:55 INFO     __main__: Staged raw download for Jul2026 to run_data_malawi\landing\lmis_mw_raw_20260911T182655.xlsx
2026-09-11 18:26:58 INFO     __main__: Parsed 6783 rows, 18 columns (incl. Period) from run_data_malawi\downloads\20260911T182655_lmis_summary_by_facility_reproductive_health_jul2026.xlsx
2026-09-11 18:26:58 WARNING  __main__: Validation failed - missing columns: ['Província', 'Código da instalação', 'Nome da instalação', 'Código do produto', 'Nome do produto', 'Período de análise']
2026-09-11 18:27:06 INFO     lmis_pipeline.extract: Upsert: 25864 existing + 6783 new rows -> 12994 after dedup on ['Facility Code', 'Product Code', 'Period'] (19653 row(s) updated in place)
2026-09-11 18:27:16 INFO     __main__: Upserted period Jul2026 into master workbook at run_data_malawi\extracts\lmis_mw_master.xlsx
2026-09-11 18:27:16 INFO     __main__: === Period: Aug2026 ===
2026-09-11 18:27:16 INFO     lmis_pipeline.malawi_scraper: Opening Reports dropdown
2026-09-11 18:27:16 INFO     lmis_pipeline.malawi_scraper: Clicking View Reports
2026-09-11 18:27:16 INFO     lmis_pipeline.malawi_scraper: Selecting LMIS Summary by facility
2026-09-11 18:27:17 INFO     lmis_pipeline.malawi_scraper: Selecting Program Name: Reproductive Health
2026-09-11 18:27:19 INFO     lmis_pipeline.malawi_scraper: Selecting Period Name: Aug2026
2026-09-11 18:27:20 INFO     lmis_pipeline.malawi_scraper: Selecting xlsx format
2026-09-11 18:27:20 INFO     lmis_pipeline.malawi_scraper: Clicking Generate and waiting for the file
2026-09-11 18:27:31 INFO     lmis_pipeline.malawi_scraper: Saved downloaded results to run_data_malawi\downloads\20260911T182731_lmis_summary_by_facility_reproductive_health_aug2026.xlsx
2026-09-11 18:27:31 INFO     lmis_pipeline.landing: Staged raw download to run_data_malawi\landing\lmis_mw_raw_20260911T182731.xlsx
2026-09-11 18:27:31 INFO     __main__: Staged raw download for Aug2026 to run_data_malawi\landing\lmis_mw_raw_20260911T182731.xlsx
2026-09-11 18:27:35 INFO     __main__: Parsed 6676 rows, 18 columns (incl. Period) from run_data_malawi\downloads\20260911T182731_lmis_summary_by_facility_reproductive_health_aug2026.xlsx
2026-09-11 18:27:35 WARNING  __main__: Validation failed - missing columns: ['Província', 'Código da instalação', 'Nome da instalação', 'Código do produto', 'Nome do produto', 'Período de análise']
2026-09-11 18:27:39 INFO     lmis_pipeline.extract: Upsert: 12994 existing + 6676 new rows -> 19670 after dedup on ['Facility Code', 'Product Code', 'Period'] (0 row(s) updated in place)
2026-09-11 18:27:53 INFO     __main__: Upserted period Aug2026 into master workbook at run_data_malawi\extracts\lmis_mw_master.xlsx
2026-09-11 18:27:53 INFO     __main__: === Period: Sep2026 ===
2026-09-11 18:27:53 INFO     lmis_pipeline.malawi_scraper: Opening Reports dropdown
2026-09-11 18:27:53 INFO     lmis_pipeline.malawi_scraper: Clicking View Reports
2026-09-11 18:27:53 INFO     lmis_pipeline.malawi_scraper: Selecting LMIS Summary by facility
2026-09-11 18:27:53 INFO     lmis_pipeline.malawi_scraper: Selecting Program Name: Reproductive Health
2026-09-11 18:27:55 INFO     lmis_pipeline.malawi_scraper: Selecting Period Name: Sep2026
2026-09-11 18:27:56 INFO     lmis_pipeline.malawi_scraper: Selecting xlsx format
2026-09-11 18:27:56 INFO     lmis_pipeline.malawi_scraper: Clicking Generate and waiting for the file
2026-09-11 18:28:00 INFO     lmis_pipeline.malawi_scraper: Saved downloaded results to run_data_malawi\downloads\20260911T182759_lmis_summary_by_facility_reproductive_health_sep2026.xlsx
2026-09-11 18:28:00 INFO     lmis_pipeline.landing: Staged raw download to run_data_malawi\landing\lmis_mw_raw_20260911T182800.xlsx
2026-09-11 18:28:00 INFO     __main__: Staged raw download for Sep2026 to run_data_malawi\landing\lmis_mw_raw_20260911T182800.xlsx
2026-09-11 18:28:00 INFO     __main__: Parsed 0 rows, 18 columns (incl. Period) from run_data_malawi\downloads\20260911T182759_lmis_summary_by_facility_reproductive_health_sep2026.xlsx
2026-09-11 18:28:00 WARNING  lmis_pipeline.schema_validation: Extract is empty - nothing to validate
2026-09-11 18:28:00 WARNING  __main__: Validation failed - missing columns: ['Província', 'Código da instalação', 'Nome da instalação', 'Código do produto', 'Nome do produto', 'Período de análise']
2026-09-11 18:28:06 INFO     lmis_pipeline.extract: Upsert: 19670 existing + 0 new rows -> 19670 after dedup on ['Facility Code', 'Product Code', 'Period'] (0 row(s) updated in place)
2026-09-11 18:28:21 INFO     __main__: Upserted period Sep2026 into master workbook at run_data_malawi\extracts\lmis_mw_master.xlsx
