2026-10-01 10:00:19 INFO     __main__: Logging this run to run_data_malawi\logs\pipeline_20261001_100019.log
2026-10-01 10:00:19 INFO     __main__: Will generate the report for 3 period(s): ['Jul2026', 'Aug2026', 'Sep2026']
2026-10-01 10:00:20 INFO     __main__: Loaded 31 product/category mapping(s) from data\LMIS_HIV_category.xlsx
2026-10-01 10:00:33 INFO     lmis_pipeline.scraper_base: Found saved session state at run_data_malawi\storage_state.json
2026-10-01 10:00:33 INFO     lmis_pipeline.scraper_base: Applied playwright-stealth evasions to browser context
2026-10-01 10:00:33 INFO     lmis_pipeline.malawi_scraper: Verifying saved session is still valid
2026-10-01 10:00:39 INFO     lmis_pipeline.malawi_scraper: Saved session is valid - skipping login
2026-10-01 10:00:39 INFO     __main__: === Period: Jul2026 ===
2026-10-01 10:00:39 INFO     lmis_pipeline.malawi_scraper: Opening Reports dropdown
2026-10-01 10:00:39 INFO     lmis_pipeline.malawi_scraper: Clicking View Reports
2026-10-01 10:00:39 INFO     lmis_pipeline.malawi_scraper: Selecting LMIS Summary by facility
2026-10-01 10:00:40 INFO     lmis_pipeline.malawi_scraper: Selecting Program Name: HIV
2026-10-01 10:00:42 INFO     lmis_pipeline.malawi_scraper: Selecting Period Name: Jul2026
2026-10-01 10:00:43 INFO     lmis_pipeline.malawi_scraper: Selecting xlsx format
2026-10-01 10:00:43 INFO     lmis_pipeline.malawi_scraper: Clicking Generate and waiting for the file
2026-10-01 10:01:07 INFO     lmis_pipeline.malawi_scraper: Saved downloaded results to run_data_malawi\downloads\20261001T100106_lmis_summary_by_facility_hiv_jul2026.xlsx
2026-10-01 10:01:11 INFO     __main__: Staged raw download (as CSV) to run_data_malawi\landing\LMIS_MW_01-07-2026.csv
2026-10-01 10:01:11 INFO     __main__: Staged raw download for Jul2026 to run_data_malawi\landing\LMIS_MW_01-07-2026.csv
2026-10-01 10:01:15 INFO     __main__: Parsed 14615 rows, 17 columns (incl. Period) from run_data_malawi\downloads\20261001T100106_lmis_summary_by_facility_hiv_jul2026.xlsx
2026-10-01 10:01:15 INFO     lmis_pipeline.product_matching: Filtered to master product list: 14615 row(s) -> 11298 row(s) kept (30 of 40 distinct product name(s) matched)
2026-10-01 10:01:15 INFO     lmis_pipeline.product_matching: Dropped 10 distinct product name(s) with no confident match: ['Cryptococcal Antigen (CrAg LFA), Kit of 50', 'DBS Bundles, 70 microlitre, Pack of 50 Tests', 'Determine Hepatitis B tests, pack of 100 tests', 'Determine Syphilis pack of 100 tests', 'Entecavir 0.5mg tablets, 30 tablets', 'Hepatitis C rapid test Bioline HCV, Kit', 'Isoniazid/Rifapentine\xa0300/300mg pack of 36 tablets', 'Paclitaxel 6mg/ml inj 50ml (300mg), vials', 'Pima catridges for CD4 Count, 100s', 'Visitect CD4 + T cells Advanced Disease Rapid tests, 25 tests']
2026-10-01 10:01:16 INFO     lmis_pipeline.extract: No existing master files at run_data_malawi\extracts\LMIS_MW_HIV.{xlsx,csv} - creating them fresh
2026-10-01 10:01:18 INFO     lmis_pipeline.extract: Wrote 11298 total row(s) to run_data_malawi\extracts\LMIS_MW_HIV_auto.csv and run_data_malawi\extracts\LMIS_MW_HIV.xlsx
2026-10-01 10:01:18 INFO     __main__: Upserted period Jul2026 into master files at (WindowsPath('run_data_malawi/extracts/LMIS_MW_HIV.xlsx'), WindowsPath('run_data_malawi/extracts/LMIS_MW_HIV_auto.csv'))
2026-10-01 10:01:18 INFO     __main__: === Period: Aug2026 ===
2026-10-01 10:01:18 INFO     lmis_pipeline.malawi_scraper: Opening Reports dropdown
2026-10-01 10:01:18 INFO     lmis_pipeline.malawi_scraper: Clicking View Reports
2026-10-01 10:01:18 INFO     lmis_pipeline.malawi_scraper: Selecting LMIS Summary by facility
2026-10-01 10:01:18 INFO     lmis_pipeline.malawi_scraper: Selecting Program Name: HIV
2026-10-01 10:01:19 INFO     lmis_pipeline.malawi_scraper: Selecting Period Name: Aug2026
2026-10-01 10:01:20 INFO     lmis_pipeline.malawi_scraper: Selecting xlsx format
2026-10-01 10:01:20 INFO     lmis_pipeline.malawi_scraper: Clicking Generate and waiting for the file
2026-10-01 10:01:45 INFO     lmis_pipeline.malawi_scraper: Saved downloaded results to run_data_malawi\downloads\20261001T100144_lmis_summary_by_facility_hiv_aug2026.xlsx
2026-10-01 10:01:49 INFO     __main__: Staged raw download (as CSV) to run_data_malawi\landing\LMIS_MW_01-08-2026.csv
2026-10-01 10:01:49 INFO     __main__: Staged raw download for Aug2026 to run_data_malawi\landing\LMIS_MW_01-08-2026.csv
2026-10-01 10:01:53 INFO     __main__: Parsed 14752 rows, 17 columns (incl. Period) from run_data_malawi\downloads\20261001T100144_lmis_summary_by_facility_hiv_aug2026.xlsx
2026-10-01 10:01:53 INFO     lmis_pipeline.product_matching: Filtered to master product list: 14752 row(s) -> 11265 row(s) kept (30 of 40 distinct product name(s) matched)
2026-10-01 10:01:53 INFO     lmis_pipeline.product_matching: Dropped 10 distinct product name(s) with no confident match: ['Cryptococcal Antigen (CrAg LFA), Kit of 50', 'DBS Bundles, 70 microlitre, Pack of 50 Tests', 'Determine Hepatitis B tests, pack of 100 tests', 'Determine Syphilis pack of 100 tests', 'Entecavir 0.5mg tablets, 30 tablets', 'Hepatitis C rapid test Bioline HCV, Kit', 'Isoniazid/Rifapentine\xa0300/300mg pack of 36 tablets', 'Paclitaxel 6mg/ml inj 50ml (300mg), vials', 'Pima catridges for CD4 Count, 100s', 'Visitect CD4 + T cells Advanced Disease Rapid tests, 25 tests']
2026-10-01 10:01:56 INFO     lmis_pipeline.extract: Upsert: 11298 existing + 11265 new rows -> 22563 after dedup on ['Facility Code', 'Product Code', 'Period'] (0 row(s) updated in place)
2026-10-01 10:02:00 INFO     lmis_pipeline.extract: Wrote 22563 total row(s) to run_data_malawi\extracts\LMIS_MW_HIV_auto.csv and run_data_malawi\extracts\LMIS_MW_HIV.xlsx
2026-10-01 10:02:00 INFO     __main__: Upserted period Aug2026 into master files at (WindowsPath('run_data_malawi/extracts/LMIS_MW_HIV.xlsx'), WindowsPath('run_data_malawi/extracts/LMIS_MW_HIV_auto.csv'))
2026-10-01 10:02:00 INFO     __main__: === Period: Sep2026 ===
2026-10-01 10:02:00 INFO     lmis_pipeline.malawi_scraper: Opening Reports dropdown
2026-10-01 10:02:00 INFO     lmis_pipeline.malawi_scraper: Clicking View Reports
2026-10-01 10:02:00 INFO     lmis_pipeline.malawi_scraper: Selecting LMIS Summary by facility
2026-10-01 10:02:00 INFO     lmis_pipeline.malawi_scraper: Selecting Program Name: HIV
2026-10-01 10:02:01 INFO     lmis_pipeline.malawi_scraper: Selecting Period Name: Sep2026
2026-10-01 10:02:02 INFO     lmis_pipeline.malawi_scraper: Selecting xlsx format
2026-10-01 10:02:02 INFO     lmis_pipeline.malawi_scraper: Clicking Generate and waiting for the file
2026-10-01 10:02:09 INFO     lmis_pipeline.malawi_scraper: Saved downloaded results to run_data_malawi\downloads\20261001T100209_lmis_summary_by_facility_hiv_sep2026.xlsx
2026-10-01 10:02:09 INFO     __main__: Staged raw download (as CSV) to run_data_malawi\landing\LMIS_MW_01-09-2026.csv
2026-10-01 10:02:09 INFO     __main__: Staged raw download for Sep2026 to run_data_malawi\landing\LMIS_MW_01-09-2026.csv
2026-10-01 10:02:10 INFO     __main__: Parsed 269 rows, 17 columns (incl. Period) from run_data_malawi\downloads\20261001T100209_lmis_summary_by_facility_hiv_sep2026.xlsx
2026-10-01 10:02:10 INFO     lmis_pipeline.product_matching: Filtered to master product list: 269 row(s) -> 205 row(s) kept (25 of 32 distinct product name(s) matched)
2026-10-01 10:02:10 INFO     lmis_pipeline.product_matching: Dropped 7 distinct product name(s) with no confident match: ['Cryptococcal Antigen (CrAg LFA), Kit of 50', 'DBS Bundles, 70 microlitre, Pack of 50 Tests', 'Determine Hepatitis B tests, pack of 100 tests', 'Determine Syphilis pack of 100 tests', 'Isoniazid/Rifapentine\xa0300/300mg pack of 36 tablets', 'Pima catridges for CD4 Count, 100s', 'Visitect CD4 + T cells Advanced Disease Rapid tests, 25 tests']
2026-10-01 10:02:12 INFO     lmis_pipeline.extract: Upsert: 22563 existing + 205 new rows -> 22768 after dedup on ['Facility Code', 'Product Code', 'Period'] (0 row(s) updated in place)
2026-10-01 10:02:17 INFO     lmis_pipeline.extract: Wrote 22768 total row(s) to run_data_malawi\extracts\LMIS_MW_HIV_auto.csv and run_data_malawi\extracts\LMIS_MW_HIV.xlsx
2026-10-01 10:02:17 INFO     __main__: Upserted period Sep2026 into master files at (WindowsPath('run_data_malawi/extracts/LMIS_MW_HIV.xlsx'), WindowsPath('run_data_malawi/extracts/LMIS_MW_HIV_auto.csv'))
