2026-09-20 14:11:21 INFO     __main__: Logging this run to run_data_malawi\logs\pipeline_20260920_141121.log
2026-09-20 14:11:21 INFO     __main__: Will generate the report for 4 period(s): ['Jun2026', 'Jul2026', 'Aug2026', 'Sep2026']
2026-09-20 14:11:36 INFO     lmis_pipeline.scraper_base: Found saved session state at run_data_malawi\storage_state.json
2026-09-20 14:11:36 INFO     lmis_pipeline.scraper_base: Applied playwright-stealth evasions to browser context
2026-09-20 14:11:37 INFO     lmis_pipeline.malawi_scraper: Verifying saved session is still valid
2026-09-20 14:11:46 INFO     lmis_pipeline.malawi_scraper: Saved session is no longer valid - logging in fresh
2026-09-20 14:11:46 INFO     lmis_pipeline.malawi_scraper: Navigating to Malawi LMIS
2026-09-20 14:11:51 INFO     lmis_pipeline.malawi_scraper: Entering username
2026-09-20 14:11:52 INFO     lmis_pipeline.malawi_scraper: Entering password
2026-09-20 14:11:52 INFO     lmis_pipeline.malawi_scraper: Submitting login form
2026-09-20 14:11:53 INFO     lmis_pipeline.malawi_scraper: Dismissing weak-password warning modal
2026-09-20 14:12:02 INFO     lmis_pipeline.malawi_scraper: Login successful
2026-09-20 14:12:03 INFO     lmis_pipeline.malawi_scraper: Saved session state to run_data_malawi\storage_state.json
2026-09-20 14:12:03 INFO     __main__: === Period: Jun2026 ===
2026-09-20 14:12:03 INFO     lmis_pipeline.malawi_scraper: Opening Reports dropdown
2026-09-20 14:12:03 INFO     lmis_pipeline.malawi_scraper: Clicking View Reports
2026-09-20 14:12:03 INFO     lmis_pipeline.malawi_scraper: Selecting LMIS Summary by facility
2026-09-20 14:12:04 INFO     lmis_pipeline.malawi_scraper: Selecting Program Name: Reproductive Health
2026-09-20 14:12:07 INFO     lmis_pipeline.malawi_scraper: Selecting Period Name: Jun2026
2026-09-20 14:12:08 INFO     lmis_pipeline.malawi_scraper: Selecting xlsx format
2026-09-20 14:12:08 INFO     lmis_pipeline.malawi_scraper: Clicking Generate and waiting for the file
2026-09-20 14:12:26 INFO     lmis_pipeline.malawi_scraper: Saved downloaded results to run_data_malawi\downloads\20260920T141225_lmis_summary_by_facility_reproductive_health_jun2026.xlsx
2026-09-20 14:12:31 INFO     __main__: Staged raw download (as CSV) to run_data_malawi\landing\LMIS_MW_01-06-2026.csv
2026-09-20 14:12:31 INFO     __main__: Staged raw download for Jun2026 to run_data_malawi\landing\LMIS_MW_01-06-2026.csv
2026-09-20 14:12:35 INFO     __main__: Parsed 6210 rows, 17 columns (incl. Period) from run_data_malawi\downloads\20260920T141225_lmis_summary_by_facility_reproductive_health_jun2026.xlsx
2026-09-20 14:12:35 WARNING  __main__: Validation failed - missing columns: ['Província', 'Código da instalação', 'Nome da instalação', 'Código do produto', 'Nome do produto', 'Período de análise']
2026-09-20 14:12:35 INFO     lmis_pipeline.extract: No existing master CSV at run_data_malawi\extracts\lmis_mw_master.csv - creating it fresh
2026-09-20 14:12:35 INFO     lmis_pipeline.extract: Wrote 6210 total row(s) to master CSV run_data_malawi\extracts\lmis_mw_master.csv
2026-09-20 14:12:35 INFO     __main__: Upserted period Jun2026 into master CSV at run_data_malawi\extracts\lmis_mw_master.csv
2026-09-20 14:12:35 INFO     __main__: === Period: Jul2026 ===
2026-09-20 14:12:35 INFO     lmis_pipeline.malawi_scraper: Opening Reports dropdown
2026-09-20 14:12:35 INFO     lmis_pipeline.malawi_scraper: Clicking View Reports
2026-09-20 14:12:35 INFO     lmis_pipeline.malawi_scraper: Selecting LMIS Summary by facility
2026-09-20 14:12:35 INFO     lmis_pipeline.malawi_scraper: Selecting Program Name: Reproductive Health
2026-09-20 14:12:38 INFO     lmis_pipeline.malawi_scraper: Selecting Period Name: Jul2026
2026-09-20 14:12:39 INFO     lmis_pipeline.malawi_scraper: Selecting xlsx format
2026-09-20 14:12:39 INFO     lmis_pipeline.malawi_scraper: Clicking Generate and waiting for the file
2026-09-20 14:13:00 INFO     lmis_pipeline.malawi_scraper: Saved downloaded results to run_data_malawi\downloads\20260920T141259_lmis_summary_by_facility_reproductive_health_jul2026.xlsx
2026-09-20 14:13:04 INFO     __main__: Staged raw download (as CSV) to run_data_malawi\landing\LMIS_MW_01-07-2026.csv
2026-09-20 14:13:04 INFO     __main__: Staged raw download for Jul2026 to run_data_malawi\landing\LMIS_MW_01-07-2026.csv
2026-09-20 14:13:08 INFO     __main__: Parsed 6783 rows, 17 columns (incl. Period) from run_data_malawi\downloads\20260920T141259_lmis_summary_by_facility_reproductive_health_jul2026.xlsx
2026-09-20 14:13:08 WARNING  __main__: Validation failed - missing columns: ['Província', 'Código da instalação', 'Nome da instalação', 'Código do produto', 'Nome do produto', 'Período de análise']
2026-09-20 14:13:09 INFO     lmis_pipeline.extract: Upsert: 6210 existing + 6783 new rows -> 12993 after dedup on ['Facility Code', 'Product Code', 'Period'] (0 row(s) updated in place)
2026-09-20 14:13:09 INFO     lmis_pipeline.extract: Wrote 12993 total row(s) to master CSV run_data_malawi\extracts\lmis_mw_master.csv
2026-09-20 14:13:09 INFO     __main__: Upserted period Jul2026 into master CSV at run_data_malawi\extracts\lmis_mw_master.csv
2026-09-20 14:13:09 INFO     __main__: === Period: Aug2026 ===
2026-09-20 14:13:09 INFO     lmis_pipeline.malawi_scraper: Opening Reports dropdown
2026-09-20 14:13:09 INFO     lmis_pipeline.malawi_scraper: Clicking View Reports
2026-09-20 14:13:09 INFO     lmis_pipeline.malawi_scraper: Selecting LMIS Summary by facility
2026-09-20 14:13:09 INFO     lmis_pipeline.malawi_scraper: Selecting Program Name: Reproductive Health
2026-09-20 14:13:12 INFO     lmis_pipeline.malawi_scraper: Selecting Period Name: Aug2026
2026-09-20 14:13:12 INFO     lmis_pipeline.malawi_scraper: Selecting xlsx format
2026-09-20 14:13:13 INFO     lmis_pipeline.malawi_scraper: Clicking Generate and waiting for the file
2026-09-20 14:13:25 INFO     lmis_pipeline.malawi_scraper: Saved downloaded results to run_data_malawi\downloads\20260920T141324_lmis_summary_by_facility_reproductive_health_aug2026.xlsx
2026-09-20 14:13:30 INFO     __main__: Staged raw download (as CSV) to run_data_malawi\landing\LMIS_MW_01-08-2026.csv
2026-09-20 14:13:30 INFO     __main__: Staged raw download for Aug2026 to run_data_malawi\landing\LMIS_MW_01-08-2026.csv
2026-09-20 14:13:34 INFO     __main__: Parsed 6878 rows, 17 columns (incl. Period) from run_data_malawi\downloads\20260920T141324_lmis_summary_by_facility_reproductive_health_aug2026.xlsx
2026-09-20 14:13:34 WARNING  __main__: Validation failed - missing columns: ['Província', 'Código da instalação', 'Nome da instalação', 'Código do produto', 'Nome do produto', 'Período de análise']
2026-09-20 14:13:34 INFO     lmis_pipeline.extract: Upsert: 12993 existing + 6878 new rows -> 19871 after dedup on ['Facility Code', 'Product Code', 'Period'] (0 row(s) updated in place)
2026-09-20 14:13:35 INFO     lmis_pipeline.extract: Wrote 19871 total row(s) to master CSV run_data_malawi\extracts\lmis_mw_master.csv
2026-09-20 14:13:35 INFO     __main__: Upserted period Aug2026 into master CSV at run_data_malawi\extracts\lmis_mw_master.csv
2026-09-20 14:13:35 INFO     __main__: === Period: Sep2026 ===
2026-09-20 14:13:35 INFO     lmis_pipeline.malawi_scraper: Opening Reports dropdown
2026-09-20 14:13:35 INFO     lmis_pipeline.malawi_scraper: Clicking View Reports
2026-09-20 14:13:35 INFO     lmis_pipeline.malawi_scraper: Selecting LMIS Summary by facility
2026-09-20 14:13:35 INFO     lmis_pipeline.malawi_scraper: Selecting Program Name: Reproductive Health
2026-09-20 14:13:37 INFO     lmis_pipeline.malawi_scraper: Selecting Period Name: Sep2026
2026-09-20 14:13:38 INFO     lmis_pipeline.malawi_scraper: Selecting xlsx format
2026-09-20 14:13:38 INFO     lmis_pipeline.malawi_scraper: Clicking Generate and waiting for the file
2026-09-20 14:13:42 INFO     lmis_pipeline.malawi_scraper: Saved downloaded results to run_data_malawi\downloads\20260920T141342_lmis_summary_by_facility_reproductive_health_sep2026.xlsx
2026-09-20 14:13:42 INFO     __main__: Staged raw download (as CSV) to run_data_malawi\landing\LMIS_MW_01-09-2026.csv
2026-09-20 14:13:42 INFO     __main__: Staged raw download for Sep2026 to run_data_malawi\landing\LMIS_MW_01-09-2026.csv
2026-09-20 14:13:42 INFO     __main__: Parsed 0 rows, 17 columns (incl. Period) from run_data_malawi\downloads\20260920T141342_lmis_summary_by_facility_reproductive_health_sep2026.xlsx
2026-09-20 14:13:42 WARNING  lmis_pipeline.schema_validation: Extract is empty - nothing to validate
2026-09-20 14:13:42 WARNING  __main__: Validation failed - missing columns: ['Província', 'Código da instalação', 'Nome da instalação', 'Código do produto', 'Nome do produto', 'Período de análise']
2026-09-20 14:13:42 INFO     lmis_pipeline.extract: Upsert: 19871 existing + 0 new rows -> 19871 after dedup on ['Facility Code', 'Product Code', 'Period'] (0 row(s) updated in place)
2026-09-20 14:13:43 INFO     lmis_pipeline.extract: Wrote 19871 total row(s) to master CSV run_data_malawi\extracts\lmis_mw_master.csv
2026-09-20 14:13:43 INFO     __main__: Upserted period Sep2026 into master CSV at run_data_malawi\extracts\lmis_mw_master.csv
